Archive member included to satisfy reference by file (symbol)

D:/STM32CubeIDE_1.19.0/STM32CubeIDE/plugins/com.st.stm32cube.ide.mcu.externaltools.gnu-tools-for-stm32.13.3.rel1.win32_1.0.0.202411081344/tools/bin/../lib/gcc/arm-none-eabi/13.3.1/../../../../arm-none-eabi/lib/thumb/v7-m/nofp\libc_nano.a(libc_a-exit.o)
                              D:/STM32CubeIDE_1.19.0/STM32CubeIDE/plugins/com.st.stm32cube.ide.mcu.externaltools.gnu-tools-for-stm32.13.3.rel1.win32_1.0.0.202411081344/tools/bin/../lib/gcc/arm-none-eabi/13.3.1/../../../../arm-none-eabi/lib/thumb/v7-m/nofp/crt0.o (exit)
D:/STM32CubeIDE_1.19.0/STM32CubeIDE/plugins/com.st.stm32cube.ide.mcu.externaltools.gnu-tools-for-stm32.13.3.rel1.win32_1.0.0.202411081344/tools/bin/../lib/gcc/arm-none-eabi/13.3.1/../../../../arm-none-eabi/lib/thumb/v7-m/nofp\libc_nano.a(libc_a-nano-vfprintf_float.o)
                              (_printf_float)
D:/STM32CubeIDE_1.19.0/STM32CubeIDE/plugins/com.st.stm32cube.ide.mcu.externaltools.gnu-tools-for-stm32.13.3.rel1.win32_1.0.0.202411081344/tools/bin/../lib/gcc/arm-none-eabi/13.3.1/../../../../arm-none-eabi/lib/thumb/v7-m/nofp\libc_nano.a(libc_a-nano-vfprintf_i.o)
                              D:/STM32CubeIDE_1.19.0/STM32CubeIDE/plugins/com.st.stm32cube.ide.mcu.externaltools.gnu-tools-for-stm32.13.3.rel1.win32_1.0.0.202411081344/tools/bin/../lib/gcc/arm-none-eabi/13.3.1/../../../../arm-none-eabi/lib/thumb/v7-m/nofp\libc_nano.a(libc_a-nano-vfprintf_float.o) (_printf_common)
D:/STM32CubeIDE_1.19.0/STM32CubeIDE/plugins/com.st.stm32cube.ide.mcu.externaltools.gnu-tools-for-stm32.13.3.rel1.win32_1.0.0.202411081344/tools/bin/../lib/gcc/arm-none-eabi/13.3.1/../../../../arm-none-eabi/lib/thumb/v7-m/nofp\libc_nano.a(libc_a-findfp.o)
                              D:/STM32CubeIDE_1.19.0/STM32CubeIDE/plugins/com.st.stm32cube.ide.mcu.externaltools.gnu-tools-for-stm32.13.3.rel1.win32_1.0.0.202411081344/tools/bin/../lib/gcc/arm-none-eabi/13.3.1/../../../../arm-none-eabi/lib/thumb/v7-m/nofp\libc_nano.a(libc_a-exit.o) (__stdio_exit_handler)
D:/STM32CubeIDE_1.19.0/STM32CubeIDE/plugins/com.st.stm32cube.ide.mcu.externaltools.gnu-tools-for-stm32.13.3.rel1.win32_1.0.0.202411081344/tools/bin/../lib/gcc/arm-none-eabi/13.3.1/../../../../arm-none-eabi/lib/thumb/v7-m/nofp\libc_nano.a(libc_a-fwalk.o)
                              D:/STM32CubeIDE_1.19.0/STM32CubeIDE/plugins/com.st.stm32cube.ide.mcu.externaltools.gnu-tools-for-stm32.13.3.rel1.win32_1.0.0.202411081344/tools/bin/../lib/gcc/arm-none-eabi/13.3.1/../../../../arm-none-eabi/lib/thumb/v7-m/nofp\libc_nano.a(libc_a-findfp.o) (_fwalk_sglue)
D:/STM32CubeIDE_1.19.0/STM32CubeIDE/plugins/com.st.stm32cube.ide.mcu.externaltools.gnu-tools-for-stm32.13.3.rel1.win32_1.0.0.202411081344/tools/bin/../lib/gcc/arm-none-eabi/13.3.1/../../../../arm-none-eabi/lib/thumb/v7-m/nofp\libc_nano.a(libc_a-printf.o)
                              ./Core/Src/ble_table_upload.o (printf)
D:/STM32CubeIDE_1.19.0/STM32CubeIDE/plugins/com.st.stm32cube.ide.mcu.externaltools.gnu-tools-for-stm32.13.3.rel1.win32_1.0.0.202411081344/tools/bin/../lib/gcc/arm-none-eabi/13.3.1/../../../../arm-none-eabi/lib/thumb/v7-m/nofp\libc_nano.a(libc_a-puts.o)
                              ./Core/Src/ble_table_upload.o (puts)
D:/STM32CubeIDE_1.19.0/STM32CubeIDE/plugins/com.st.stm32cube.ide.mcu.externaltools.gnu-tools-for-stm32.13.3.rel1.win32_1.0.0.202411081344/tools/bin/../lib/gcc/arm-none-eabi/13.3.1/../../../../arm-none-eabi/lib/thumb/v7-m/nofp\libc_nano.a(libc_a-snprintf.o)
                              ./Core/Src/ble_table_upload.o (snprintf)
D:/STM32CubeIDE_1.19.0/STM32CubeIDE/plugins/com.st.stm32cube.ide.mcu.externaltools.gnu-tools-for-stm32.13.3.rel1.win32_1.0.0.202411081344/tools/bin/../lib/gcc/arm-none-eabi/13.3.1/../../../../arm-none-eabi/lib/thumb/v7-m/nofp\libc_nano.a(libc_a-stdio.o)
                              D:/STM32CubeIDE_1.19.0/STM32CubeIDE/plugins/com.st.stm32cube.ide.mcu.externaltools.gnu-tools-for-stm32.13.3.rel1.win32_1.0.0.202411081344/tools/bin/../lib/gcc/arm-none-eabi/13.3.1/../../../../arm-none-eabi/lib/thumb/v7-m/nofp\libc_nano.a(libc_a-findfp.o) (__sread)
D:/STM32CubeIDE_1.19.0/STM32CubeIDE/plugins/com.st.stm32cube.ide.mcu.externaltools.gnu-tools-for-stm32.13.3.rel1.win32_1.0.0.202411081344/tools/bin/../lib/gcc/arm-none-eabi/13.3.1/../../../../arm-none-eabi/lib/thumb/v7-m/nofp\libc_nano.a(libc_a-vsnprintf.o)
                              ./Hardware/sfud/port/sfud_port.o (vsnprintf)
D:/STM32CubeIDE_1.19.0/STM32CubeIDE/plugins/com.st.stm32cube.ide.mcu.externaltools.gnu-tools-for-stm32.13.3.rel1.win32_1.0.0.202411081344/tools/bin/../lib/gcc/arm-none-eabi/13.3.1/../../../../arm-none-eabi/lib/thumb/v7-m/nofp\libc_nano.a(libc_a-wbuf.o)
                              D:/STM32CubeIDE_1.19.0/STM32CubeIDE/plugins/com.st.stm32cube.ide.mcu.externaltools.gnu-tools-for-stm32.13.3.rel1.win32_1.0.0.202411081344/tools/bin/../lib/gcc/arm-none-eabi/13.3.1/../../../../arm-none-eabi/lib/thumb/v7-m/nofp\libc_nano.a(libc_a-puts.o) (__swbuf_r)
[...]
Memory Configuration

Name             Origin             Length             Attributes
RAM              0x20000000         0x0000c000         xrw
FLASH            0x08000000         0x00040000         xr
*default*        0x00000000         0xffffffff

Linker script and memory map

LOAD D:/STM32CubeIDE_1.19.0/STM32CubeIDE/plugins/com.st.stm32cube.ide.mcu.externaltools.gnu-tools-for-stm32.13.3.rel1.win32_1.0.0.202411081344/tools/bin/../lib/gcc/arm-none-eabi/13.3.1/thumb/v7-m/nofp/crti.o
LOAD D:/STM32CubeIDE_1.19.0/STM32CubeIDE/plugins/com.st.stm32cube.ide.mcu.externaltools.gnu-tools-for-stm32.13.3.rel1.win32_1.0.0.202411081344/tools/bin/../lib/gcc/arm-none-eabi/13.3.1/thumb/v7-m/nofp/crtbegin.o
LOAD D:/STM32CubeIDE_1.19.0/STM32CubeIDE/plugins/com.st.stm32cube.ide.mcu.externaltools.gnu-tools-for-stm32.13.3.rel1.win32_1.0.0.202411081344/tools/bin/../lib/gcc/arm-none-eabi/13.3.1/../../../../arm-none-eabi/lib/thumb/v7-m/nofp/crt0.o
LOAD ./Core/Src/ble_table_upload.o
LOAD ./Core/Src/dma.o
LOAD ./Core/Src/esp32.o
LOAD ./Core/Src/gpio.o
LOAD ./Core/Src/hmi_control.o
LOAD ./Core/Src/main.o
LOAD ./Core/Src/power_control.o
LOAD ./Core/Src/sensor_control.o
LOAD ./Core/Src/spi.o
LOAD ./Core/Src/stm32f1xx_hal_msp.o
LOAD ./Core/Src/stm32f1xx_it.o
LOAD ./Core/Src/syscalls.o
LOAD ./Core/Src/sysmem.o
LOAD ./Core/Src/system_stm32f1xx.o
LOAD ./Core/Src/tim.o
LOAD ./Core/Src/usart.o
LOAD ./Core/Startup/startup_stm32f103rctx.o
LOAD ./Drivers/STM32F1xx_HAL_Driver/Src/stm32f1xx_hal.o
LOAD ./Drivers/STM32F1xx_HAL_Driver/Src/stm32f1xx_hal_cortex.o
LOAD ./Drivers/STM32F1xx_HAL_Driver/Src/stm32f1xx_hal_dma.o
LOAD ./Drivers/STM32F1xx_HAL_Driver/Src/stm32f1xx_hal_exti.o
LOAD ./Drivers/STM32F1xx_HAL_Driver/Src/stm32f1xx_hal_flash.o
LOAD ./Drivers/STM32F1xx_HAL_Driver/Src/stm32f1xx_hal_flash_ex.o
LOAD ./Drivers/STM32F1xx_HAL_Driver/Src/stm32f1xx_hal_gpio.o
LOAD ./Drivers/STM32F1xx_HAL_Driver/Src/stm32f1xx_hal_gpio_ex.o
LOAD ./Drivers/STM32F1xx_HAL_Driver/Src/stm32f1xx_hal_pwr.o
LOAD ./Drivers/STM32F1xx_HAL_Driver/Src/stm32f1xx_hal_rcc.o
LOAD ./Drivers/STM32F1xx_HAL_Driver/Src/stm32f1xx_hal_rcc_ex.o
LOAD ./Drivers/STM32F1xx_HAL_Driver/Src/stm32f1xx_hal_spi.o
LOAD ./Drivers/STM32F1xx_HAL_Driver/Src/stm32f1xx_hal_tim.o
LOAD ./Drivers/STM32F1xx_HAL_Driver/Src/stm32f1xx_hal_tim_ex.o
LOAD ./Drivers/STM32F1xx_HAL_Driver/Src/stm32f1xx_hal_uart.o
LOAD ./Hardware/hmi/cmd_queue/cmd_queue.o
LOAD ./Hardware/hmi/count_acquisition/count_acquisition.o
LOAD ./Hardware/hmi/hmi_driver/hmi_driver.o
LOAD ./Hardware/sfud/port/sfud_port.o
LOAD ./Hardware/sfud/src/sfud.o
LOAD ./Hardware/sfud/src/sfud_sfdp.o
START GROUP
LOAD D:/STM32CubeIDE_1.19.0/STM32CubeIDE/plugins/com.st.stm32cube.ide.mcu.externaltools.gnu-tools-for-stm32.13.3.rel1.win32_1.0.0.202411081344/tools/bin/../lib/gcc/arm-none-eabi/13.3.1/../../../../arm-none-eabi/lib/thumb/v7-m/nofp\libc_nano.a
LOAD D:/STM32CubeIDE_1.19.0/STM32CubeIDE/plugins/com.st.stm32cube.ide.mcu.externaltools.gnu-tools-for-stm32.13.3.rel1.win32_1.0.0.202411081344/tools/bin/../lib/gcc/arm-none-eabi/13.3.1/../../../../arm-none-eabi/lib/thumb/v7-m/nofp\libm.a
END GROUP
START GROUP
LOAD D:/STM32CubeIDE_1.19.0/STM32CubeIDE/plugins/com.st.stm32cube.ide.mcu.externaltools.gnu-tools-for-stm32.13.3.rel1.win32_1.0.0.202411081344/tools/bin/../lib/gcc/arm-none-eabi/13.3.1/thumb/v7-m/nofp\libgcc.a
LOAD D:/STM32CubeIDE_1.19.0/STM32CubeIDE/plugins/com.st.stm32cube.ide.mcu.externaltools.gnu-tools-for-stm32.13.3.rel1.win32_1.0.0.202411081344/tools/bin/../lib/gcc/arm-none-eabi/13.3.1/../../../../arm-none-eabi/lib/thumb/v7-m/nofp\libc_nano.a
END GROUP
START GROUP
LOAD D:/STM32CubeIDE_1.19.0/STM32CubeIDE/plugins/com.st.stm32cube.ide.mcu.externaltools.gnu-tools-for-stm32.13.3.rel1.win32_1.0.0.202411081344/tools/bin/../lib/gcc/arm-none-eabi/13.3.1/thumb/v7-m/nofp\libgcc.a
LOAD D:/STM32CubeIDE_1.19.0/STM32CubeIDE/plugins/com.st.stm32cube.ide.mcu.externaltools.gnu-tools-for-stm32.13.3.rel1.win32_1.0.0.202411081344/tools/bin/../lib/gcc/arm-none-eabi/13.3.1/../../../../arm-none-eabi/lib/thumb/v7-m/nofp\libc_nano.a
LOAD D:/STM32CubeIDE_1.19.0/STM32CubeIDE/plugins/com.st.stm32cube.ide.mcu.externaltools.gnu-tools-for-stm32.13.3.rel1.win32_1.0.0.202411081344/tools/bin/../lib/gcc/arm-none-eabi/13.3.1/../../../../arm-none-eabi/lib/thumb/v7-m/nofp\libnosys.a
END GROUP
START GROUP
LOAD D:/STM32CubeIDE_1.19.0/STM32CubeIDE/plugins/com.st.stm32cube.ide.mcu.externaltools.gnu-tools-for-stm32.13.3.rel1.win32_1.0.0.202411081344/tools/bin/../lib/gcc/arm-none-eabi/13.3.1/thumb/v7-m/nofp\libgcc.a
LOAD D:/STM32CubeIDE_1.19.0/STM32CubeIDE/plugins/com.st.stm32cube.ide.mcu.externaltools.gnu-tools-for-stm32.13.3.rel1.win32_1.0.0.202411081344/tools/bin/../lib/gcc/arm-none-eabi/13.3.1/../../../../arm-none-eabi/lib/thumb/v7-m/nofp\libc_nano.a
LOAD D:/STM32CubeIDE_1.19.0/STM32CubeIDE/plugins/com.st.stm32cube.ide.mcu.externaltools.gnu-tools-for-stm32.13.3.rel1.win32_1.0.0.202411081344/tools/bin/../lib/gcc/arm-none-eabi/13.3.1/../../../../arm-none-eabi/lib/thumb/v7-m/nofp\libnosys.a
END GROUP
LOAD D:/STM32CubeIDE_1.19.0/STM32CubeIDE/plugins/com.st.stm32cube.ide.mcu.externaltools.gnu-tools-for-stm32.13.3.rel1.win32_1.0.0.202411081344/tools/bin/../lib/gcc/arm-none-eabi/13.3.1/thumb/v7-m/nofp/crtend.o
LOAD D:/STM32CubeIDE_1.19.0/STM32CubeIDE/plugins/com.st.stm32cube.ide.mcu.externaltools.gnu-tools-for-stm32.13.3.rel1.win32_1.0.0.202411081344/tools/bin/../lib/gcc/arm-none-eabi/13.3.1/thumb/v7-m/nofp/crtn.o
                0x2000c000                        _estack = (ORIGIN (RAM) + LENGTH (RAM))
                0x00000200                        _Min_Heap_Size = 0x200
                0x00000400                        _Min_Stack_Size = 0x400

.isr_vector     0x08000000      0x1e4
                0x08000000                        . = ALIGN (0x4)
 *(.isr_vector)
 .isr_vector    0x08000000      0x1e4 ./Core/Startup/startup_stm32f103rctx.o
                0x08000000                g_pfnVectors
                0x080001e4                        . = ALIGN (0x4)

.text           0x080001e8     0xe5e8
                0x080001e8                        . = ALIGN (0x4)
 *(.text)
 .text          0x080001e8       0x40 D:/STM32CubeIDE_1.19.0/STM32CubeIDE/plugins/com.st.stm32cube.ide.mcu.externaltools.gnu-tools-for-stm32.13.3.rel1.win32_1.0.0.202411081344/tools/bin/../lib/gcc/arm-none-eabi/13.3.1/thumb/v7-m/nofp/crtbegin.o
 .text          0x08000228       0x10 D:/STM32CubeIDE_1.19.0/STM32CubeIDE/plugins/com.st.stm32cube.ide.mcu.externaltools.gnu-tools-for-stm32.13.3.rel1.win32_1.0.0.202411081344/tools/bin/../lib/gcc/arm-none-eabi/13.3.1/../../../../arm-none-eabi/lib/thumb/v7-m/nofp\libc_nano.a(libc_a-strlen.o)
                0x08000228                strlen
 .text          0x08000238      0x378 D:/STM32CubeIDE_1.19.0/STM32CubeIDE/plugins/com.st.stm32cube.ide.mcu.externaltools.gnu-tools-for-stm32.13.3.rel1.win32_1.0.0.202411081344/tools/bin/../lib/gcc/arm-none-eabi/13.3.1/thumb/v7-m/nofp\libgcc.a(_arm_addsubdf3.o)
                0x08000238                __aeabi_drsub
                0x08000240                __aeabi_dsub
                0x08000240                __subdf3
                0x08000244                __aeabi_dadd
                0x08000244                __adddf3
                0x080004bc                __floatunsidf
                0x080004bc                __aeabi_ui2d
                0x080004dc                __floatsidf
                0x080004dc                __aeabi_i2d
                0x08000500                __aeabi_f2d
                0x08000500                __extendsfdf2
                0x08000544                __floatundidf
                0x08000544                __aeabi_ul2d
                0x08000554                __floatdidf
                0x08000554                __aeabi_l2d
 .text          0x080005b0      0x424 D:/STM32CubeIDE_1.19.0/STM32CubeIDE/plugins/com.st.stm32cube.ide.mcu.externaltools.gnu-tools-for-stm32.13.3.rel1.win32_1.0.0.202411081344/tools/bin/../lib/gcc/arm-none-eabi/13.3.1/thumb/v7-m/nofp\libgcc.a(_arm_muldivdf3.o)
                0x080005b0                __aeabi_dmul
                0x080005b0                __muldf3
                0x08000804                __divdf3
                0x08000804                __aeabi_ddiv
 .text          0x080009d4      0x110 D:/STM32CubeIDE_1.19.0/STM32CubeIDE/plugins/com.st.stm32cube.ide.mcu.externaltools.gnu-tools-for-stm32.13.3.rel1.win32_1.0.0.202411081344/tools/bin/../lib/gcc/arm-none-eabi/13.3.1/thumb/v7-m/nofp\libgcc.a(_arm_cmpdf2.o)
                0x080009d4                __gtdf2
                0x080009d4                __gedf2
                0x080009dc                __ltdf2
                0x080009dc                __ledf2
                0x080009e4                __nedf2
                0x080009e4                __eqdf2
                0x080009e4                __cmpdf2
                0x08000a60                __aeabi_cdrcmple
                0x08000a70                __aeabi_cdcmpeq
                0x08000a70                __aeabi_cdcmple
                0x08000a80                __aeabi_dcmpeq
                0x08000a94                __aeabi_dcmplt
                0x08000aa8                __aeabi_dcmple
                0x08000abc                __aeabi_dcmpge
                0x08000ad0                __aeabi_dcmpgt
 .text          0x08000ae4       0x2c D:/STM32CubeIDE_1.19.0/STM32CubeIDE/plugins/com.st.stm32cube.ide.mcu.externaltools.gnu-tools-for-stm32.13.3.rel1.win32_1.0.0.202411081344/tools/bin/../lib/gcc/arm-none-eabi/13.3.1/thumb/v7-m/nofp\libgcc.a(_arm_unorddf2.o)
                0x08000ae4                __unorddf2
                0x08000ae4                __aeabi_dcmpun
 .text          0x08000b10       0x50 D:/STM32CubeIDE_1.19.0/STM32CubeIDE/plugins/com.st.stm32cube.ide.mcu.externaltools.gnu-tools-for-stm32.13.3.rel1.win32_1.0.0.202411081344/tools/bin/../lib/gcc/arm-none-eabi/13.3.1/thumb/v7-m/nofp\libgcc.a(_arm_fixdfsi.o)
                0x08000b10                __aeabi_d2iz
                0x08000b10                __fixdfsi
 .text          0x08000b60      0x21c D:/STM32CubeIDE_1.19.0/STM32CubeIDE/plugins/com.st.stm32cube.ide.mcu.externaltools.gnu-tools-for-stm32.13.3.rel1.win32_1.0.0.202411081344/tools/bin/../lib/gcc/arm-none-eabi/13.3.1/thumb/v7-m/nofp\libgcc.a(_arm_addsubsf3.o)
                0x08000b60                __aeabi_frsub
                0x08000b68                __subsf3
                0x08000b68                __aeabi_fsub
                0x08000b6c                __aeabi_fadd
                0x08000b6c                __addsf3
                0x08000ccc                __aeabi_ui2f
                0x08000ccc                __floatunsisf
                0x08000cd4                __aeabi_i2f
                0x08000cd4                __floatsisf
                0x08000cf0                __aeabi_ul2f
                0x08000cf0                __floatundisf
                0x08000d00                __aeabi_l2f
                0x08000d00                __floatdisf
 .text          0x08000d7c      0x2a0 D:/STM32CubeIDE_1.19.0/STM32CubeIDE/plugins/com.st.stm32cube.ide.mcu.externaltools.gnu-tools-for-stm32.13.3.rel1.win32_1.0.0.202411081344/tools/bin/../lib/gcc/arm-none-eabi/13.3.1/thumb/v7-m/nofp\libgcc.a(_arm_muldivsf3.o)
                0x08000d7c                __mulsf3
                0x08000d7c                __aeabi_fmul
                0x08000ee4                __aeabi_fdiv
                0x08000ee4                __divsf3
 .text          0x0800101c       0xec D:/STM32CubeIDE_1.19.0/STM32CubeIDE/plugins/com.st.stm32cube.ide.mcu.externaltools.gnu-tools-for-stm32.13.3.rel1.win32_1.0.0.202411081344/tools/bin/../lib/gcc/arm-none-eabi/13.3.1/thumb/v7-m/nofp\libgcc.a(_arm_cmpsf2.o)
                0x0800101c                __gesf2
                0x0800101c                __gtsf2
                0x08001024                __lesf2
                0x08001024                __ltsf2
                0x0800102c                __nesf2
                0x0800102c                __eqsf2
                0x0800102c                __cmpsf2
                0x0800108c                __aeabi_cfrcmple
                0x08001094                __aeabi_cfcmpeq
                0x08001094                __aeabi_cfcmple
                0x080010a4                __aeabi_fcmpeq
                0x080010b8                __aeabi_fcmplt
                0x080010cc                __aeabi_fcmple
                0x080010e0                __aeabi_fcmpge
                0x080010f4                __aeabi_fcmpgt
 .text          0x08001108       0x40 D:/STM32CubeIDE_1.19.0/STM32CubeIDE/plugins/com.st.stm32cube.ide.mcu.externaltools.gnu-tools-for-stm32.13.3.rel1.win32_1.0.0.202411081344/tools/bin/../lib/gcc/arm-none-eabi/13.3.1/thumb/v7-m/nofp\libgcc.a(_arm_fixunssfsi.o)
                0x08001108                __fixunssfsi
                0x08001108                __aeabi_f2uiz
 *(.text*)
 .text.append_byte
                0x08001148       0x2c ./Core/Src/ble_table_upload.o
 .text.append_str
                0x08001174       0x38 ./Core/Src/ble_table_upload.o
 .text.sum_low_8bits
                0x080011ac       0x42 ./Core/Src/ble_table_upload.o
 *fill*         0x080011ee        0x2 
 .text.build_payload
                0x080011f0      0x3c4 ./Core/Src/ble_table_upload.o
 .text.build_frame
                0x080015b4       0xd6 ./Core/Src/ble_table_upload.o
 *fill*         0x0800168a        0x2 
 .text.send_current_row
                0x0800168c       0x44 ./Core/Src/ble_table_upload.o
 .text.BleUpload_Start
                0x080016d0       0x74 ./Core/Src/ble_table_upload.o
                0x080016d0                BleUpload_Start
 .text.BleUpload_OnAck
                0x08001744       0xf4 ./Core/Src/ble_table_upload.o
                0x08001744                BleUpload_OnAck
 .text.MX_DMA_Init
                0x08001838       0x4c ./Core/Src/dma.o
                0x08001838                MX_DMA_Init
 .text.y_queue_push
                0x08001884       0x4c ./Core/Src/esp32.o
                0x08001884                y_queue_push
 .text.y_queue_pop
                0x080018d0       0x4c ./Core/Src/esp32.o
 .text.y_queue_size
                0x0800191c       0x2c ./Core/Src/esp32.o
 .text.y_queue_find_cmd2
                0x08001948       0xec ./Core/Src/esp32.o
                0x08001948                y_queue_find_cmd2
 .text.ESP32_ack_data
                0x08001a34       0x28 ./Core/Src/esp32.o
                0x08001a34                ESP32_ack_data
 .text.sum_low_8bits
                0x08001a5c       0x42 ./Core/Src/esp32.o
                0x08001a5c                sum_low_8bits
 *fill*         0x08001a9e        0x2 
 .text.stm32_to_esp32_data
                0x08001aa0       0x88 ./Core/Src/esp32.o
                0x08001aa0                stm32_to_esp32_data
 .text.check_wifi_connect_state
                0x08001b28       0x1e ./Core/Src/esp32.o
                0x08001b28                check_wifi_connect_state
 *fill*         0x08001b46        0x2 
 .text.ESP32_232_data_tx
                0x08001b48      0x194 ./Core/Src/esp32.o
                0x08001b48                ESP32_232_data_tx
 .text.ESP32_232_communication_task_callback
                0x08001cdc       0x9c ./Core/Src/esp32.o
                0x08001cdc                ESP32_232_communication_task_callback
 .text.MX_GPIO_Init
                0x08001d78      0x138 ./Core/Src/gpio.o
                0x08001d78                MX_GPIO_Init
 .text.HAL_GPIO_EXTI_Callback
                0x08001eb0       0x14 ./Core/Src/gpio.o
                0x08001eb0                HAL_GPIO_EXTI_Callback
 .text.ProcessMessage
                0x08001ec4      0x224 ./Core/Src/hmi_control.o
                0x08001ec4                ProcessMessage
 .text.NotifyScreen
                0x080020e8       0x14 ./Core/Src/hmi_control.o
                0x080020e8                NotifyScreen
 .text.Notifyknob
                0x080020fc       0x1c ./Core/Src/hmi_control.o
                0x080020fc                Notifyknob
 .text.UpdateUI
                0x08002118       0xcc ./Core/Src/hmi_control.o
                0x08002118                UpdateUI
 .text.NotifyButton
                0x080021e4     0x12e0 ./Core/Src/hmi_control.o
                0x080021e4                NotifyButton
 .text.NotifyText
                0x080034c4      0x21c ./Core/Src/hmi_control.o
                0x080034c4                NotifyText
 .text.NotifyProgress
                0x080036e0       0x1a ./Core/Src/hmi_control.o
                0x080036e0                NotifyProgress
 .text.NotifySlider
                0x080036fa       0x1a ./Core/Src/hmi_control.o
                0x080036fa                NotifySlider
 .text.NotifyMeter
                0x08003714       0x1a ./Core/Src/hmi_control.o
                0x08003714                NotifyMeter
 *fill*         0x0800372e        0x2 
 .text.NotifyMenu
                0x08003730      0x210 ./Core/Src/hmi_control.o
                0x08003730                NotifyMenu
 .text.NotifySelector
                0x08003940       0x1c ./Core/Src/hmi_control.o
                0x08003940                NotifySelector
 .text.NotifyRecord
                0x0800395c       0x34 ./Core/Src/hmi_control.o
                0x0800395c                NotifyRecord
 .text.NotifyTimer
                0x08003990       0x1a ./Core/Src/hmi_control.o
                0x08003990                NotifyTimer
 *fill*         0x080039aa        0x2 
 .text.touch_hmi_task_callback
                0x080039ac       0x54 ./Core/Src/hmi_control.o
                0x080039ac                touch_hmi_task_callback
 .text.GetFlashData
                0x08003a00       0xd0 ./Core/Src/hmi_control.o
                0x08003a00                GetFlashData
 .text.SendDampingCoefficient
                0x08003ad0       0xa8 ./Core/Src/hmi_control.o
                0x08003ad0                SendDampingCoefficient
 .text.main     0x08003b78      0x114 ./Core/Src/main.o
                0x08003b78                main
 .text.SystemClock_Config
                0x08003c8c       0x8a ./Core/Src/main.o
                0x08003c8c                SystemClock_Config
 *fill*         0x08003d16        0x2 
 .text._write   0x08003d18       0x2c ./Core/Src/main.o
                0x08003d18                _write
 .text.Error_Handler
                0x08003d44        0xc ./Core/Src/main.o
                0x08003d44                Error_Handler
 .text.p_queue_push
                0x08003d50       0x4c ./Core/Src/power_control.o
                0x08003d50                p_queue_push
 .text.p_queue_pop
                0x08003d9c       0x4c ./Core/Src/power_control.o
 .text.p_queue_size
                0x08003de8       0x2c ./Core/Src/power_control.o
 .text.p_queue_find_cmd
                0x08003e14       0x98 ./Core/Src/power_control.o
                0x08003e14                p_queue_find_cmd
 .text.power_data_deal
                0x08003eac       0x4c ./Core/Src/power_control.o
                0x08003eac                power_data_deal
 .text.power_communication_task_callback
                0x08003ef8       0x4c ./Core/Src/power_control.o
                0x08003ef8                power_communication_task_callback
 .text.Sensor_Control_Init
                0x08003f44       0x2c ./Core/Src/sensor_control.o
                0x08003f44                Sensor_Control_Init
 .text.Sensor_Control_Stop
                0x08003f70       0x30 ./Core/Src/sensor_control.o
                0x08003f70                Sensor_Control_Stop
 .text.Sensor_Control_Start_Mode1
                0x08003fa0       0x38 ./Core/Src/sensor_control.o
                0x08003fa0                Sensor_Control_Start_Mode1
 .text.Sensor_Control_Start_Mode2
                0x08003fd8       0x38 ./Core/Src/sensor_control.o
                0x08003fd8                Sensor_Control_Start_Mode2
 .text.get_dma_write_pos
                0x08004010       0x20 ./Core/Src/sensor_control.o
 .text.fetch_frame
                0x08004030       0xdc ./Core/Src/sensor_control.o
 .text.process_frame
                0x0800410c      0x3cc ./Core/Src/sensor_control.o
 .text.Sensor_Poll
                0x080044d8       0x7c ./Core/Src/sensor_control.o
                0x080044d8                Sensor_Poll
 .text.MX_SPI1_Init
                0x08004554       0x6c ./Core/Src/spi.o
                0x08004554                MX_SPI1_Init
 .text.MX_SPI2_Init
                0x080045c0       0x68 ./Core/Src/spi.o
                0x080045c0                MX_SPI2_Init
 .text.HAL_SPI_MspInit
                0x08004628      0x148 ./Core/Src/spi.o
                0x08004628                HAL_SPI_MspInit
 .text.HAL_MspInit
                0x08004770       0x64 ./Core/Src/stm32f1xx_hal_msp.o
                0x08004770                HAL_MspInit
 .text.NMI_Handler
                0x080047d4        0x8 ./Core/Src/stm32f1xx_it.o
                0x080047d4                NMI_Handler
 .text.HardFault_Handler
                0x080047dc        0x8 ./Core/Src/stm32f1xx_it.o
                0x080047dc                HardFault_Handler
 .text.MemManage_Handler
                0x080047e4        0x8 ./Core/Src/stm32f1xx_it.o
                0x080047e4                MemManage_Handler
 .text.BusFault_Handler
                0x080047ec        0x8 ./Core/Src/stm32f1xx_it.o
                0x080047ec                BusFault_Handler
 .text.UsageFault_Handler
                0x080047f4        0x8 ./Core/Src/stm32f1xx_it.o
                0x080047f4                UsageFault_Handler
 .text.SVC_Handler
                0x080047fc        0xc ./Core/Src/stm32f1xx_it.o
                0x080047fc                SVC_Handler
 .text.DebugMon_Handler
                0x08004808        0xc ./Core/Src/stm32f1xx_it.o
                0x08004808                DebugMon_Handler
 .text.PendSV_Handler
                0x08004814        0xc ./Core/Src/stm32f1xx_it.o
                0x08004814                PendSV_Handler
 .text.SysTick_Handler
                0x08004820        0xc ./Core/Src/stm32f1xx_it.o
                0x08004820                SysTick_Handler
 .text.DMA1_Channel4_IRQHandler
                0x0800482c       0x14 ./Core/Src/stm32f1xx_it.o
                0x0800482c                DMA1_Channel4_IRQHandler
 .text.DMA1_Channel6_IRQHandler
                0x08004840       0x14 ./Core/Src/stm32f1xx_it.o
                0x08004840                DMA1_Channel6_IRQHandler
 .text.TIM4_IRQHandler
                0x08004854       0x14 ./Core/Src/stm32f1xx_it.o
                0x08004854                TIM4_IRQHandler
 .text.USART1_IRQHandler
                0x08004868       0x14 ./Core/Src/stm32f1xx_it.o
                0x08004868                USART1_IRQHandler
 .text.USART2_IRQHandler
                0x0800487c       0x18 ./Core/Src/stm32f1xx_it.o
                0x0800487c                USART2_IRQHandler
 .text.USART3_IRQHandler
                0x08004894       0x14 ./Core/Src/stm32f1xx_it.o
                0x08004894                USART3_IRQHandler
 .text.EXTI15_10_IRQHandler
                0x080048a8       0x10 ./Core/Src/stm32f1xx_it.o
                0x080048a8                EXTI15_10_IRQHandler
 .text.UART4_IRQHandler
                0x080048b8       0x14 ./Core/Src/stm32f1xx_it.o
                0x080048b8                UART4_IRQHandler
 .text._getpid  0x080048cc        0xe ./Core/Src/syscalls.o
                0x080048cc                _getpid
 .text._kill    0x080048da       0x20 ./Core/Src/syscalls.o
                0x080048da                _kill
 .text._exit    0x080048fa       0x16 ./Core/Src/syscalls.o
                0x080048fa                _exit
 .text._read    0x08004910       0x3a ./Core/Src/syscalls.o
                0x08004910                _read
 .text._close   0x0800494a       0x16 ./Core/Src/syscalls.o
                0x0800494a                _close
 .text._fstat   0x08004960       0x1e ./Core/Src/syscalls.o
                0x08004960                _fstat
 .text._isatty  0x0800497e       0x14 ./Core/Src/syscalls.o
                0x0800497e                _isatty
 .text._lseek   0x08004992       0x18 ./Core/Src/syscalls.o
                0x08004992                _lseek
 *fill*         0x080049aa        0x2 
 .text._sbrk    0x080049ac       0x6c ./Core/Src/sysmem.o
                0x080049ac                _sbrk
 .text.SystemInit
                0x08004a18        0xc ./Core/Src/system_stm32f1xx.o
                0x08004a18                SystemInit
 .text.MX_TIM4_Init
                0x08004a24       0x9c ./Core/Src/tim.o
                0x08004a24                MX_TIM4_Init
 .text.HAL_TIM_Base_MspInit
                0x08004ac0       0x4c ./Core/Src/tim.o
                0x08004ac0                HAL_TIM_Base_MspInit
 .text.HAL_TIM_PeriodElapsedCallback
                0x08004b0c       0x50 ./Core/Src/tim.o
                0x08004b0c                HAL_TIM_PeriodElapsedCallback
 .text.MX_UART4_Init
                0x08004b5c       0x60 ./Core/Src/usart.o
                0x08004b5c                MX_UART4_Init
 .text.MX_USART1_UART_Init
                0x08004bbc       0x60 ./Core/Src/usart.o
                0x08004bbc                MX_USART1_UART_Init
 .text.MX_USART2_UART_Init
                0x08004c1c       0x90 ./Core/Src/usart.o
                0x08004c1c                MX_USART2_UART_Init
 .text.MX_USART3_UART_Init
                0x08004cac       0x60 ./Core/Src/usart.o
                0x08004cac                MX_USART3_UART_Init
 .text.HAL_UART_MspInit
                0x08004d0c      0x28c ./Core/Src/usart.o
                0x08004d0c                HAL_UART_MspInit
 .text.HAL_UART_RxCpltCallback
                0x08004f98       0x68 ./Core/Src/usart.o
                0x08004f98                HAL_UART_RxCpltCallback
 .text.SendChar
                0x08005000       0x24 ./Core/Src/usart.o
                0x08005000                SendChar
 .text.USER_UART_IRQHandler
                0x08005024      0x18c ./Core/Src/usart.o
                0x08005024                USER_UART_IRQHandler
 .text.Reset_Handler
                0x080051b0       0x48 ./Core/Startup/startup_stm32f103rctx.o
                0x080051b0                Reset_Handler
 .text.Default_Handler
                0x080051f8        0x2 ./Core/Startup/startup_stm32f103rctx.o
                0x080051f8                RTC_Alarm_IRQHandler
                0x080051f8                EXTI2_IRQHandler
                0x080051f8                TIM8_TRG_COM_IRQHandler
                0x080051f8                TIM8_CC_IRQHandler
                0x080051f8                TIM1_CC_IRQHandler
                0x080051f8                TIM6_IRQHandler
                0x080051f8                PVD_IRQHandler
                0x080051f8                SDIO_IRQHandler
                0x080051f8                EXTI3_IRQHandler
                0x080051f8                EXTI0_IRQHandler
                0x080051f8                I2C2_EV_IRQHandler
                0x080051f8                ADC1_2_IRQHandler
                0x080051f8                SPI1_IRQHandler
                0x080051f8                TAMPER_IRQHandler
                0x080051f8                TIM8_UP_IRQHandler
                0x080051f8                DMA2_Channel2_IRQHandler
                0x080051f8                RTC_IRQHandler
                0x080051f8                DMA1_Channel7_IRQHandler
                0x080051f8                CAN1_RX1_IRQHandler
                0x080051f8                UART5_IRQHandler
                0x080051f8                ADC3_IRQHandler
                0x080051f8                DMA2_Channel1_IRQHandler
                0x080051f8                I2C1_EV_IRQHandler
                0x080051f8                TIM3_IRQHandler
                0x080051f8                RCC_IRQHandler
                0x080051f8                TIM1_TRG_COM_IRQHandler
                0x080051f8                DMA1_Channel1_IRQHandler
                0x080051f8                Default_Handler
                0x080051f8                TIM7_IRQHandler
                0x080051f8                TIM5_IRQHandler
                0x080051f8                EXTI9_5_IRQHandler
                0x080051f8                SPI2_IRQHandler
                0x080051f8                DMA1_Channel5_IRQHandler
                0x080051f8                EXTI4_IRQHandler
                0x080051f8                USB_LP_CAN1_RX0_IRQHandler
                0x080051f8                USB_HP_CAN1_TX_IRQHandler
                0x080051f8                DMA1_Channel3_IRQHandler
                0x080051f8                FSMC_IRQHandler
                0x080051f8                TIM1_UP_IRQHandler
                0x080051f8                WWDG_IRQHandler
                0x080051f8                TIM2_IRQHandler
                0x080051f8                TIM1_BRK_IRQHandler
                0x080051f8                EXTI1_IRQHandler
                0x080051f8                DMA2_Channel4_5_IRQHandler
                0x080051f8                I2C2_ER_IRQHandler
                0x080051f8                DMA1_Channel2_IRQHandler
                0x080051f8                TIM8_BRK_IRQHandler
                0x080051f8                CAN1_SCE_IRQHandler
                0x080051f8                FLASH_IRQHandler
                0x080051f8                SPI3_IRQHandler
                0x080051f8                I2C1_ER_IRQHandler
                0x080051f8                USBWakeUp_IRQHandler
                0x080051f8                DMA2_Channel3_IRQHandler
 *fill*         0x080051fa        0x2 
 .text.HAL_Init
                0x080051fc       0x2c ./Drivers/STM32F1xx_HAL_Driver/Src/stm32f1xx_hal.o
                0x080051fc                HAL_Init
 .text.HAL_InitTick
                0x08005228       0x60 ./Drivers/STM32F1xx_HAL_Driver/Src/stm32f1xx_hal.o
                0x08005228                HAL_InitTick
 .text.HAL_IncTick
                0x08005288       0x24 ./Drivers/STM32F1xx_HAL_Driver/Src/stm32f1xx_hal.o
                0x08005288                HAL_IncTick
 .text.HAL_GetTick
                0x080052ac       0x14 ./Drivers/STM32F1xx_HAL_Driver/Src/stm32f1xx_hal.o
                0x080052ac                HAL_GetTick
 .text.HAL_Delay
                0x080052c0       0x48 ./Drivers/STM32F1xx_HAL_Driver/Src/stm32f1xx_hal.o
                0x080052c0                HAL_Delay
 .text.__NVIC_SetPriorityGrouping
                0x08005308       0x48 ./Drivers/STM32F1xx_HAL_Driver/Src/stm32f1xx_hal_cortex.o
 .text.__NVIC_GetPriorityGrouping
                0x08005350       0x1c ./Drivers/STM32F1xx_HAL_Driver/Src/stm32f1xx_hal_cortex.o
 .text.__NVIC_EnableIRQ
                0x0800536c       0x38 ./Drivers/STM32F1xx_HAL_Driver/Src/stm32f1xx_hal_cortex.o
 .text.__NVIC_SetPriority
                0x080053a4       0x54 ./Drivers/STM32F1xx_HAL_Driver/Src/stm32f1xx_hal_cortex.o
 .text.NVIC_EncodePriority
                0x080053f8       0x64 ./Drivers/STM32F1xx_HAL_Driver/Src/stm32f1xx_hal_cortex.o
 .text.SysTick_Config
                0x0800545c       0x44 ./Drivers/STM32F1xx_HAL_Driver/Src/stm32f1xx_hal_cortex.o
 .text.HAL_NVIC_SetPriorityGrouping
                0x080054a0       0x16 ./Drivers/STM32F1xx_HAL_Driver/Src/stm32f1xx_hal_cortex.o
                0x080054a0                HAL_NVIC_SetPriorityGrouping
 .text.HAL_NVIC_SetPriority
                0x080054b6       0x38 ./Drivers/STM32F1xx_HAL_Driver/Src/stm32f1xx_hal_cortex.o
                0x080054b6                HAL_NVIC_SetPriority
 .text.HAL_NVIC_EnableIRQ
                0x080054ee       0x1c ./Drivers/STM32F1xx_HAL_Driver/Src/stm32f1xx_hal_cortex.o
                0x080054ee                HAL_NVIC_EnableIRQ
 .text.HAL_SYSTICK_Config
                0x0800550a       0x18 ./Drivers/STM32F1xx_HAL_Driver/Src/stm32f1xx_hal_cortex.o
                0x0800550a                HAL_SYSTICK_Config
 *fill*         0x08005522        0x2 
 .text.HAL_DMA_Init
                0x08005524       0xec ./Drivers/STM32F1xx_HAL_Driver/Src/stm32f1xx_hal_dma.o
                0x08005524                HAL_DMA_Init
 .text.HAL_DMA_Start_IT
                0x08005610       0xc0 ./Drivers/STM32F1xx_HAL_Driver/Src/stm32f1xx_hal_dma.o
                0x08005610                HAL_DMA_Start_IT
 .text.HAL_DMA_Abort
                0x080056d0       0x76 ./Drivers/STM32F1xx_HAL_Driver/Src/stm32f1xx_hal_dma.o
                0x080056d0                HAL_DMA_Abort
 *fill*         0x08005746        0x2 
 .text.HAL_DMA_Abort_IT
                0x08005748      0x210 ./Drivers/STM32F1xx_HAL_Driver/Src/stm32f1xx_hal_dma.o
                0x08005748                HAL_DMA_Abort_IT
 .text.HAL_DMA_IRQHandler
                0x08005958      0x478 ./Drivers/STM32F1xx_HAL_Driver/Src/stm32f1xx_hal_dma.o
                0x08005958                HAL_DMA_IRQHandler
 .text.DMA_SetConfig
                0x08005dd0       0x5a ./Drivers/STM32F1xx_HAL_Driver/Src/stm32f1xx_hal_dma.o
 *fill*         0x08005e2a        0x2 
 .text.HAL_GPIO_Init
                0x08005e2c      0x328 ./Drivers/STM32F1xx_HAL_Driver/Src/stm32f1xx_hal_gpio.o
                0x08005e2c                HAL_GPIO_Init
 .text.HAL_GPIO_WritePin
                0x08006154       0x30 ./Drivers/STM32F1xx_HAL_Driver/Src/stm32f1xx_hal_gpio.o
                0x08006154                HAL_GPIO_WritePin
 .text.HAL_GPIO_EXTI_IRQHandler
                0x08006184       0x30 ./Drivers/STM32F1xx_HAL_Driver/Src/stm32f1xx_hal_gpio.o
                0x08006184                HAL_GPIO_EXTI_IRQHandler
 .text.HAL_RCC_OscConfig
                0x080061b4      0x504 ./Drivers/STM32F1xx_HAL_Driver/Src/stm32f1xx_hal_rcc.o
                0x080061b4                HAL_RCC_OscConfig
 .text.HAL_RCC_ClockConfig
                0x080066b8      0x1d4 ./Drivers/STM32F1xx_HAL_Driver/Src/stm32f1xx_hal_rcc.o
                0x080066b8                HAL_RCC_ClockConfig
 .text.HAL_RCC_GetSysClockFreq
                0x0800688c       0xa8 ./Drivers/STM32F1xx_HAL_Driver/Src/stm32f1xx_hal_rcc.o
                0x0800688c                HAL_RCC_GetSysClockFreq
 .text.HAL_RCC_GetHCLKFreq
                0x08006934       0x14 ./Drivers/STM32F1xx_HAL_Driver/Src/stm32f1xx_hal_rcc.o
                0x08006934                HAL_RCC_GetHCLKFreq
 .text.HAL_RCC_GetPCLK1Freq
                0x08006948       0x28 ./Drivers/STM32F1xx_HAL_Driver/Src/stm32f1xx_hal_rcc.o
                0x08006948                HAL_RCC_GetPCLK1Freq
 .text.HAL_RCC_GetPCLK2Freq
                0x08006970       0x28 ./Drivers/STM32F1xx_HAL_Driver/Src/stm32f1xx_hal_rcc.o
                0x08006970                HAL_RCC_GetPCLK2Freq
 .text.RCC_Delay
                0x08006998       0x3c ./Drivers/STM32F1xx_HAL_Driver/Src/stm32f1xx_hal_rcc.o
 .text.HAL_SPI_Init
                0x080069d4      0x108 ./Drivers/STM32F1xx_HAL_Driver/Src/stm32f1xx_hal_spi.o
                0x080069d4                HAL_SPI_Init
 .text.HAL_SPI_Transmit
                0x08006adc      0x288 ./Drivers/STM32F1xx_HAL_Driver/Src/stm32f1xx_hal_spi.o
                0x08006adc                HAL_SPI_Transmit
 .text.HAL_SPI_Receive
                0x08006d64      0x232 ./Drivers/STM32F1xx_HAL_Driver/Src/stm32f1xx_hal_spi.o
                0x08006d64                HAL_SPI_Receive
 .text.HAL_SPI_TransmitReceive
                0x08006f96      0x352 ./Drivers/STM32F1xx_HAL_Driver/Src/stm32f1xx_hal_spi.o
                0x08006f96                HAL_SPI_TransmitReceive
 .text.HAL_SPI_Receive_DMA
                0x080072e8      0x188 ./Drivers/STM32F1xx_HAL_Driver/Src/stm32f1xx_hal_spi.o
                0x080072e8                HAL_SPI_Receive_DMA
 .text.HAL_SPI_TransmitReceive_DMA
                0x08007470      0x1f8 ./Drivers/STM32F1xx_HAL_Driver/Src/stm32f1xx_hal_spi.o
                0x08007470                HAL_SPI_TransmitReceive_DMA
 .text.HAL_SPI_RxCpltCallback
                0x08007668       0x12 ./Drivers/STM32F1xx_HAL_Driver/Src/stm32f1xx_hal_spi.o
                0x08007668                HAL_SPI_RxCpltCallback
 .text.HAL_SPI_TxRxCpltCallback
                0x0800767a       0x12 ./Drivers/STM32F1xx_HAL_Driver/Src/stm32f1xx_hal_spi.o
                0x0800767a                HAL_SPI_TxRxCpltCallback
 .text.HAL_SPI_RxHalfCpltCallback
                0x0800768c       0x12 ./Drivers/STM32F1xx_HAL_Driver/Src/stm32f1xx_hal_spi.o
                0x0800768c                HAL_SPI_RxHalfCpltCallback
 .text.HAL_SPI_TxRxHalfCpltCallback
                0x0800769e       0x12 ./Drivers/STM32F1xx_HAL_Driver/Src/stm32f1xx_hal_spi.o
                0x0800769e                HAL_SPI_TxRxHalfCpltCallback
 .text.HAL_SPI_ErrorCallback
                0x080076b0       0x12 ./Drivers/STM32F1xx_HAL_Driver/Src/stm32f1xx_hal_spi.o
                0x080076b0                HAL_SPI_ErrorCallback
 .text.SPI_DMAReceiveCplt
                0x080076c2       0xa6 ./Drivers/STM32F1xx_HAL_Driver/Src/stm32f1xx_hal_spi.o
 .text.SPI_DMATransmitReceiveCplt
                0x08007768       0x8e ./Drivers/STM32F1xx_HAL_Driver/Src/stm32f1xx_hal_spi.o
 .text.SPI_DMAHalfReceiveCplt
                0x080077f6       0x1c ./Drivers/STM32F1xx_HAL_Driver/Src/stm32f1xx_hal_spi.o
 .text.SPI_DMAHalfTransmitReceiveCplt
                0x08007812       0x1c ./Drivers/STM32F1xx_HAL_Driver/Src/stm32f1xx_hal_spi.o
 .text.SPI_DMAError
                0x0800782e       0x40 ./Drivers/STM32F1xx_HAL_Driver/Src/stm32f1xx_hal_spi.o
 *fill*         0x0800786e        0x2 
 .text.SPI_WaitFlagStateUntilTimeout
                0x08007870      0x110 ./Drivers/STM32F1xx_HAL_Driver/Src/stm32f1xx_hal_spi.o
 .text.SPI_EndRxTransaction
                0x08007980       0xa4 ./Drivers/STM32F1xx_HAL_Driver/Src/stm32f1xx_hal_spi.o
 .text.SPI_EndRxTxTransaction
                0x08007a24       0x62 ./Drivers/STM32F1xx_HAL_Driver/Src/stm32f1xx_hal_spi.o
 .text.HAL_TIM_Base_Init
                0x08007a86       0x9e ./Drivers/STM32F1xx_HAL_Driver/Src/stm32f1xx_hal_tim.o
                0x08007a86                HAL_TIM_Base_Init
 .text.HAL_TIM_Base_Start_IT
                0x08007b24       0xc0 ./Drivers/STM32F1xx_HAL_Driver/Src/stm32f1xx_hal_tim.o
                0x08007b24                HAL_TIM_Base_Start_IT
 .text.HAL_TIM_IRQHandler
                0x08007be4      0x1e0 ./Drivers/STM32F1xx_HAL_Driver/Src/stm32f1xx_hal_tim.o
                0x08007be4                HAL_TIM_IRQHandler
 .text.HAL_TIM_ConfigClockSource
                0x08007dc4      0x18e ./Drivers/STM32F1xx_HAL_Driver/Src/stm32f1xx_hal_tim.o
                0x08007dc4                HAL_TIM_ConfigClockSource
 .text.HAL_TIM_OC_DelayElapsedCallback
                0x08007f52       0x12 ./Drivers/STM32F1xx_HAL_Driver/Src/stm32f1xx_hal_tim.o
                0x08007f52                HAL_TIM_OC_DelayElapsedCallback
 .text.HAL_TIM_IC_CaptureCallback
                0x08007f64       0x12 ./Drivers/STM32F1xx_HAL_Driver/Src/stm32f1xx_hal_tim.o
                0x08007f64                HAL_TIM_IC_CaptureCallback
 .text.HAL_TIM_PWM_PulseFinishedCallback
                0x08007f76       0x12 ./Drivers/STM32F1xx_HAL_Driver/Src/stm32f1xx_hal_tim.o
                0x08007f76                HAL_TIM_PWM_PulseFinishedCallback
 .text.HAL_TIM_TriggerCallback
                0x08007f88       0x12 ./Drivers/STM32F1xx_HAL_Driver/Src/stm32f1xx_hal_tim.o
                0x08007f88                HAL_TIM_TriggerCallback
 *fill*         0x08007f9a        0x2 
 .text.TIM_Base_SetConfig
                0x08007f9c      0x10c ./Drivers/STM32F1xx_HAL_Driver/Src/stm32f1xx_hal_tim.o
                0x08007f9c                TIM_Base_SetConfig
 .text.TIM_TI1_ConfigInputStage
                0x080080a8       0x5c ./Drivers/STM32F1xx_HAL_Driver/Src/stm32f1xx_hal_tim.o
 .text.TIM_TI2_ConfigInputStage
                0x08008104       0x5e ./Drivers/STM32F1xx_HAL_Driver/Src/stm32f1xx_hal_tim.o
 .text.TIM_ITRx_SetConfig
                0x08008162       0x34 ./Drivers/STM32F1xx_HAL_Driver/Src/stm32f1xx_hal_tim.o
 .text.TIM_ETR_SetConfig
                0x08008196       0x3e ./Drivers/STM32F1xx_HAL_Driver/Src/stm32f1xx_hal_tim.o
                0x08008196                TIM_ETR_SetConfig
 .text.HAL_TIMEx_MasterConfigSynchronization
                0x080081d4       0xd8 ./Drivers/STM32F1xx_HAL_Driver/Src/stm32f1xx_hal_tim_ex.o
                0x080081d4                HAL_TIMEx_MasterConfigSynchronization
 .text.HAL_TIMEx_CommutCallback
                0x080082ac       0x12 ./Drivers/STM32F1xx_HAL_Driver/Src/stm32f1xx_hal_tim_ex.o
                0x080082ac                HAL_TIMEx_CommutCallback
 .text.HAL_TIMEx_BreakCallback
                0x080082be       0x12 ./Drivers/STM32F1xx_HAL_Driver/Src/stm32f1xx_hal_tim_ex.o
                0x080082be                HAL_TIMEx_BreakCallback
 .text.HAL_UART_Init
                0x080082d0       0xa0 ./Drivers/STM32F1xx_HAL_Driver/Src/stm32f1xx_hal_uart.o
                0x080082d0                HAL_UART_Init
 .text.HAL_UART_Transmit
                0x08008370      0x116 ./Drivers/STM32F1xx_HAL_Driver/Src/stm32f1xx_hal_uart.o
                0x08008370                HAL_UART_Transmit
 .text.HAL_UART_Receive_IT
                0x08008486       0x4a ./Drivers/STM32F1xx_HAL_Driver/Src/stm32f1xx_hal_uart.o
                0x08008486                HAL_UART_Receive_IT
 .text.HAL_UART_Receive_DMA
                0x080084d0       0x4a ./Drivers/STM32F1xx_HAL_Driver/Src/stm32f1xx_hal_uart.o
                0x080084d0                HAL_UART_Receive_DMA
 .text.HAL_UART_DMAStop
                0x0800851a       0xfe ./Drivers/STM32F1xx_HAL_Driver/Src/stm32f1xx_hal_uart.o
                0x0800851a                HAL_UART_DMAStop
 .text.HAL_UART_IRQHandler
                0x08008618      0x524 ./Drivers/STM32F1xx_HAL_Driver/Src/stm32f1xx_hal_uart.o
                0x08008618                HAL_UART_IRQHandler
 .text.HAL_UART_TxCpltCallback
                0x08008b3c       0x12 ./Drivers/STM32F1xx_HAL_Driver/Src/stm32f1xx_hal_uart.o
                0x08008b3c                HAL_UART_TxCpltCallback
 .text.HAL_UART_RxHalfCpltCallback
                0x08008b4e       0x12 ./Drivers/STM32F1xx_HAL_Driver/Src/stm32f1xx_hal_uart.o
                0x08008b4e                HAL_UART_RxHalfCpltCallback
 .text.HAL_UART_ErrorCallback
                0x08008b60       0x12 ./Drivers/STM32F1xx_HAL_Driver/Src/stm32f1xx_hal_uart.o
                0x08008b60                HAL_UART_ErrorCallback
 .text.HAL_UARTEx_RxEventCallback
                0x08008b72       0x16 ./Drivers/STM32F1xx_HAL_Driver/Src/stm32f1xx_hal_uart.o
                0x08008b72                HAL_UARTEx_RxEventCallback
 .text.UART_DMAReceiveCplt
                0x08008b88      0x12c ./Drivers/STM32F1xx_HAL_Driver/Src/stm32f1xx_hal_uart.o
 .text.UART_DMARxHalfCplt
                0x08008cb4       0x3c ./Drivers/STM32F1xx_HAL_Driver/Src/stm32f1xx_hal_uart.o
 .text.UART_DMAError
                0x08008cf0       0x94 ./Drivers/STM32F1xx_HAL_Driver/Src/stm32f1xx_hal_uart.o
 .text.UART_WaitOnFlagUntilTimeout
                0x08008d84       0xb2 ./Drivers/STM32F1xx_HAL_Driver/Src/stm32f1xx_hal_uart.o
 .text.UART_Start_Receive_IT
                0x08008e36       0x72 ./Drivers/STM32F1xx_HAL_Driver/Src/stm32f1xx_hal_uart.o
                0x08008e36                UART_Start_Receive_IT
 .text.UART_Start_Receive_DMA
                0x08008ea8      0x134 ./Drivers/STM32F1xx_HAL_Driver/Src/stm32f1xx_hal_uart.o
                0x08008ea8                UART_Start_Receive_DMA
 .text.UART_EndTxTransfer
                0x08008fdc       0x4e ./Drivers/STM32F1xx_HAL_Driver/Src/stm32f1xx_hal_uart.o
 .text.UART_EndRxTransfer
                0x0800902a       0xc4 ./Drivers/STM32F1xx_HAL_Driver/Src/stm32f1xx_hal_uart.o
 .text.UART_DMAAbortOnError
                0x080090ee       0x28 ./Drivers/STM32F1xx_HAL_Driver/Src/stm32f1xx_hal_uart.o
 .text.UART_Transmit_IT
                0x08009116       0x9e ./Drivers/STM32F1xx_HAL_Driver/Src/stm32f1xx_hal_uart.o
 .text.UART_EndTransmit_IT
                0x080091b4       0x30 ./Drivers/STM32F1xx_HAL_Driver/Src/stm32f1xx_hal_uart.o
 .text.UART_Receive_IT
                0x080091e4      0x17c ./Drivers/STM32F1xx_HAL_Driver/Src/stm32f1xx_hal_uart.o
 .text.UART_SetConfig
                0x08009360      0x11c ./Drivers/STM32F1xx_HAL_Driver/Src/stm32f1xx_hal_uart.o
 .text.queue_push
                0x0800947c       0x4c ./Hardware/hmi/cmd_queue/cmd_queue.o
                0x0800947c                queue_push
 .text.queue_pop
                0x080094c8       0x4c ./Hardware/hmi/cmd_queue/cmd_queue.o
 .text.queue_size
                0x08009514       0x2c ./Hardware/hmi/cmd_queue/cmd_queue.o
 .text.queue_find_cmd
                0x08009540       0x9c ./Hardware/hmi/cmd_queue/cmd_queue.o
                0x08009540                queue_find_cmd
 .text.SendStrings
                0x080095dc       0x2c ./Hardware/hmi/hmi_driver/hmi_driver.o
                0x080095dc                SendStrings
 .text.SetScreen
                0x08009608       0x54 ./Hardware/hmi/hmi_driver/hmi_driver.o
                0x08009608                SetScreen
 .text.SetButtonValue
                0x0800965c       0x7c ./Hardware/hmi/hmi_driver/hmi_driver.o
                0x0800965c                SetButtonValue
 .text.SetTextValue
                0x080096d8       0x78 ./Hardware/hmi/hmi_driver/hmi_driver.o
                0x080096d8                SetTextValue
 .text.SetTextInt32
                0x08009750       0xc6 ./Hardware/hmi/hmi_driver/hmi_driver.o
                0x08009750                SetTextInt32
 .text.SetTextFloat
                0x08009816       0xc8 ./Hardware/hmi/hmi_driver/hmi_driver.o
                0x08009816                SetTextFloat
 .text.AnimationPlayFrame
                0x080098de       0x7c ./Hardware/hmi/hmi_driver/hmi_driver.o
                0x080098de                AnimationPlayFrame
 .text.Record_Add
                0x0800995a       0x78 ./Hardware/hmi/hmi_driver/hmi_driver.o
                0x0800995a                Record_Add
 .text.Record_Clear
                0x080099d2       0x72 ./Hardware/hmi/hmi_driver/hmi_driver.o
                0x080099d2                Record_Clear
 .text.biaoge_bottom
                0x08009a44       0x8c ./Hardware/hmi/hmi_driver/hmi_driver.o
                0x08009a44                biaoge_bottom
 .text.Record_Delete
                0x08009ad0       0x8c ./Hardware/hmi/hmi_driver/hmi_driver.o
                0x08009ad0                Record_Delete
 .text.spi_write_read
                0x08009b5c       0x78 ./Hardware/sfud/port/sfud_port.o
 .text.retry_delay_100us
                0x08009bd4        0xe ./Hardware/sfud/port/sfud_port.o
 *fill*         0x08009be2        0x2 
 .text.sfud_spi_port_init
                0x08009be4       0x40 ./Hardware/sfud/port/sfud_port.o
                0x08009be4                sfud_spi_port_init
 .text.sfud_log_debug
                0x08009c24       0x48 ./Hardware/sfud/port/sfud_port.o
                0x08009c24                sfud_log_debug
 .text.sfud_log_info
                0x08009c6c       0x40 ./Hardware/sfud/port/sfud_port.o
                0x08009c6c                sfud_log_info
 .text.sfud_device_init
                0x08009cac       0x68 ./Hardware/sfud/src/sfud.o
                0x08009cac                sfud_device_init
 .text.sfud_init
                0x08009d14       0x80 ./Hardware/sfud/src/sfud.o
                0x08009d14                sfud_init
 .text.sfud_get_device
                0x08009d94       0x2c ./Hardware/sfud/src/sfud.o
                0x08009d94                sfud_get_device
 .text.sfud_get_device_num
                0x08009dc0        0xe ./Hardware/sfud/src/sfud.o
                0x08009dc0                sfud_get_device_num
 *fill*         0x08009dce        0x2 
 .text.hardware_init
                0x08009dd0      0x354 ./Hardware/sfud/src/sfud.o
 .text.software_init
                0x0800a124       0x44 ./Hardware/sfud/src/sfud.o
 .text.sfud_read
                0x0800a168      0x148 ./Hardware/sfud/src/sfud.o
                0x0800a168                sfud_read
 .text.sfud_chip_erase
                0x0800a2b0      0x11c ./Hardware/sfud/src/sfud.o
                0x0800a2b0                sfud_chip_erase
 .text.sfud_erase
                0x0800a3cc      0x234 ./Hardware/sfud/src/sfud.o
                0x0800a3cc                sfud_erase
 .text.page256_or_1_byte_write
                0x0800a600      0x1ec ./Hardware/sfud/src/sfud.o
 .text.aai_write
                0x0800a7ec      0x204 ./Hardware/sfud/src/sfud.o
 .text.sfud_write
                0x0800a9f0       0x5c ./Hardware/sfud/src/sfud.o
                0x0800a9f0                sfud_write
 .text.sfud_erase_write
                0x0800aa4c       0x40 ./Hardware/sfud/src/sfud.o
                0x0800aa4c                sfud_erase_write
 .text.reset    0x0800aa8c       0xd0 ./Hardware/sfud/src/sfud.o
 .text.read_jedec_id
                0x0800ab5c       0xb0 ./Hardware/sfud/src/sfud.o
 .text.set_write_enabled
                0x0800ac0c       0xd0 ./Hardware/sfud/src/sfud.o
 .text.set_4_byte_address_mode
                0x0800acdc       0xd4 ./Hardware/sfud/src/sfud.o
 .text.sfud_read_status
                0x0800adb0       0x7c ./Hardware/sfud/src/sfud.o
                0x0800adb0                sfud_read_status
 .text.wait_busy
                0x0800ae2c       0xa8 ./Hardware/sfud/src/sfud.o
 .text.make_address_byte_array
                0x0800aed4       0xa4 ./Hardware/sfud/src/sfud.o
 .text.sfud_write_status
                0x0800af78       0xb8 ./Hardware/sfud/src/sfud.o
                0x0800af78                sfud_write_status
 .text.sfud_read_sfdp
                0x0800b030       0x7c ./Hardware/sfud/src/sfud_sfdp.o
                0x0800b030                sfud_read_sfdp
 .text.read_sfdp_header
                0x0800b0ac       0xf0 ./Hardware/sfud/src/sfud_sfdp.o
 .text.read_basic_header
                0x0800b19c      0x12c ./Hardware/sfud/src/sfud_sfdp.o
 .text.read_basic_table
                0x0800b2c8      0x4fc ./Hardware/sfud/src/sfud_sfdp.o
 .text.read_sfdp_data
                0x0800b7c4       0xe0 ./Hardware/sfud/src/sfud_sfdp.o
 .text.sfud_sfdp_get_suitable_eraser
                0x0800b8a4       0xbc ./Hardware/sfud/src/sfud_sfdp.o
                0x0800b8a4                sfud_sfdp_get_suitable_eraser
 .text.__cvt    0x0800b960       0xc8 D:/STM32CubeIDE_1.19.0/STM32CubeIDE/plugins/com.st.stm32cube.ide.mcu.externaltools.gnu-tools-for-stm32.13.3.rel1.win32_1.0.0.202411081344/tools/bin/../lib/gcc/arm-none-eabi/13.3.1/../../../../arm-none-eabi/lib/thumb/v7-m/nofp\libc_nano.a(libc_a-nano-vfprintf_float.o)
                0x0800b960                __cvt
 .text.__exponent
                0x0800ba28       0x74 D:/STM32CubeIDE_1.19.0/STM32CubeIDE/plugins/com.st.stm32cube.ide.mcu.externaltools.gnu-tools-for-stm32.13.3.rel1.win32_1.0.0.202411081344/tools/bin/../lib/gcc/arm-none-eabi/13.3.1/../../../../arm-none-eabi/lib/thumb/v7-m/nofp\libc_nano.a(libc_a-nano-vfprintf_float.o)
                0x0800ba28                __exponent
 .text._printf_float
                0x0800ba9c      0x458 D:/STM32CubeIDE_1.19.0/STM32CubeIDE/plugins/com.st.stm32cube.ide.mcu.externaltools.gnu-tools-for-stm32.13.3.rel1.win32_1.0.0.202411081344/tools/bin/../lib/gcc/arm-none-eabi/13.3.1/../../../../arm-none-eabi/lib/thumb/v7-m/nofp\libc_nano.a(libc_a-nano-vfprintf_float.o)
                0x0800ba9c                _printf_float
 .text._printf_common
                0x0800bef4       0xe4 D:/STM32CubeIDE_1.19.0/STM32CubeIDE/plugins/com.st.stm32cube.ide.mcu.externaltools.gnu-tools-for-stm32.13.3.rel1.win32_1.0.0.202411081344/tools/bin/../lib/gcc/arm-none-eabi/13.3.1/../../../../arm-none-eabi/lib/thumb/v7-m/nofp\libc_nano.a(libc_a-nano-vfprintf_i.o)
                0x0800bef4                _printf_common
 .text._printf_i
                0x0800bfd8      0x23c D:/STM32CubeIDE_1.19.0/STM32CubeIDE/plugins/com.st.stm32cube.ide.mcu.externaltools.gnu-tools-for-stm32.13.3.rel1.win32_1.0.0.202411081344/tools/bin/../lib/gcc/arm-none-eabi/13.3.1/../../../../arm-none-eabi/lib/thumb/v7-m/nofp\libc_nano.a(libc_a-nano-vfprintf_i.o)
                0x0800bfd8                _printf_i
 .text.std      0x0800c214       0x6c D:/STM32CubeIDE_1.19.0/STM32CubeIDE/plugins/com.st.stm32cube.ide.mcu.externaltools.gnu-tools-for-stm32.13.3.rel1.win32_1.0.0.202411081344/tools/bin/../lib/gcc/arm-none-eabi/13.3.1/../../../../arm-none-eabi/lib/thumb/v7-m/nofp\libc_nano.a(libc_a-findfp.o)
 .text.stdio_exit_handler
                0x0800c280       0x18 D:/STM32CubeIDE_1.19.0/STM32CubeIDE/plugins/com.st.stm32cube.ide.mcu.externaltools.gnu-tools-for-stm32.13.3.rel1.win32_1.0.0.202411081344/tools/bin/../lib/gcc/arm-none-eabi/13.3.1/../../../../arm-none-eabi/lib/thumb/v7-m/nofp\libc_nano.a(libc_a-findfp.o)
 .text.cleanup_stdio
                0x0800c298       0x40 D:/STM32CubeIDE_1.19.0/STM32CubeIDE/plugins/com.st.stm32cube.ide.mcu.externaltools.gnu-tools-for-stm32.13.3.rel1.win32_1.0.0.202411081344/tools/bin/../lib/gcc/arm-none-eabi/13.3.1/../../../../arm-none-eabi/lib/thumb/v7-m/nofp\libc_nano.a(libc_a-findfp.o)
 .text.global_stdio_init.part.0
                0x0800c2d8       0x3c D:/STM32CubeIDE_1.19.0/STM32CubeIDE/plugins/com.st.stm32cube.ide.mcu.externaltools.gnu-tools-for-stm32.13.3.rel1.win32_1.0.0.202411081344/tools/bin/../lib/gcc/arm-none-eabi/13.3.1/../../../../arm-none-eabi/lib/thumb/v7-m/nofp\libc_nano.a(libc_a-findfp.o)
 .text.__sfp_lock_acquire
                0x0800c314        0xc D:/STM32CubeIDE_1.19.0/STM32CubeIDE/plugins/com.st.stm32cube.ide.mcu.externaltools.gnu-tools-for-stm32.13.3.rel1.win32_1.0.0.202411081344/tools/bin/../lib/gcc/arm-none-eabi/13.3.1/../../../../arm-none-eabi/lib/thumb/v7-m/nofp\libc_nano.a(libc_a-findfp.o)
                0x0800c314                __sfp_lock_acquire
 .text.__sfp_lock_release
                0x0800c320        0xc D:/STM32CubeIDE_1.19.0/STM32CubeIDE/plugins/com.st.stm32cube.ide.mcu.externaltools.gnu-tools-for-stm32.13.3.rel1.win32_1.0.0.202411081344/tools/bin/../lib/gcc/arm-none-eabi/13.3.1/../../../../arm-none-eabi/lib/thumb/v7-m/nofp\libc_nano.a(libc_a-findfp.o)
                0x0800c320                __sfp_lock_release
 .text.__sinit  0x0800c32c       0x30 D:/STM32CubeIDE_1.19.0/STM32CubeIDE/plugins/com.st.stm32cube.ide.mcu.externaltools.gnu-tools-for-stm32.13.3.rel1.win32_1.0.0.202411081344/tools/bin/../lib/gcc/arm-none-eabi/13.3.1/../../../../arm-none-eabi/lib/thumb/v7-m/nofp\libc_nano.a(libc_a-findfp.o)
                0x0800c32c                __sinit
 .text._fwalk_sglue
                0x0800c35c       0x3c D:/STM32CubeIDE_1.19.0/STM32CubeIDE/plugins/com.st.stm32cube.ide.mcu.externaltools.gnu-tools-for-stm32.13.3.rel1.win32_1.0.0.202411081344/tools/bin/../lib/gcc/arm-none-eabi/13.3.1/../../../../arm-none-eabi/lib/thumb/v7-m/nofp\libc_nano.a(libc_a-fwalk.o)
                0x0800c35c                _fwalk_sglue
 .text.printf   0x0800c398       0x24 D:/STM32CubeIDE_1.19.0/STM32CubeIDE/plugins/com.st.stm32cube.ide.mcu.externaltools.gnu-tools-for-stm32.13.3.rel1.win32_1.0.0.202411081344/tools/bin/../lib/gcc/arm-none-eabi/13.3.1/../../../../arm-none-eabi/lib/thumb/v7-m/nofp\libc_nano.a(libc_a-printf.o)
                0x0800c398                iprintf
                0x0800c398                printf
 .text._puts_r  0x0800c3bc       0xaa D:/STM32CubeIDE_1.19.0/STM32CubeIDE/plugins/com.st.stm32cube.ide.mcu.externaltools.gnu-tools-for-stm32.13.3.rel1.win32_1.0.0.202411081344/tools/bin/../lib/gcc/arm-none-eabi/13.3.1/../../../../arm-none-eabi/lib/thumb/v7-m/nofp\libc_nano.a(libc_a-puts.o)
                0x0800c3bc                _puts_r
 *fill*         0x0800c466        0x2 
 .text.puts     0x0800c468       0x10 D:/STM32CubeIDE_1.19.0/STM32CubeIDE/plugins/com.st.stm32cube.ide.mcu.externaltools.gnu-tools-for-stm32.13.3.rel1.win32_1.0.0.202411081344/tools/bin/../lib/gcc/arm-none-eabi/13.3.1/../../../../arm-none-eabi/lib/thumb/v7-m/nofp\libc_nano.a(libc_a-puts.o)
                0x0800c468                puts
 .text.snprintf
                0x0800c478       0x6c D:/STM32CubeIDE_1.19.0/STM32CubeIDE/plugins/com.st.stm32cube.ide.mcu.externaltools.gnu-tools-for-stm32.13.3.rel1.win32_1.0.0.202411081344/tools/bin/../lib/gcc/arm-none-eabi/13.3.1/../../../../arm-none-eabi/lib/thumb/v7-m/nofp\libc_nano.a(libc_a-snprintf.o)
                0x0800c478                sniprintf
                0x0800c478                snprintf
 .text.__sread  0x0800c4e4       0x22 D:/STM32CubeIDE_1.19.0/STM32CubeIDE/plugins/com.st.stm32cube.ide.mcu.externaltools.gnu-tools-for-stm32.13.3.rel1.win32_1.0.0.202411081344/tools/bin/../lib/gcc/arm-none-eabi/13.3.1/../../../../arm-none-eabi/lib/thumb/v7-m/nofp\libc_nano.a(libc_a-stdio.o)
                0x0800c4e4                __sread
 .text.__swrite
                0x0800c506       0x38 D:/STM32CubeIDE_1.19.0/STM32CubeIDE/plugins/com.st.stm32cube.ide.mcu.externaltools.gnu-tools-for-stm32.13.3.rel1.win32_1.0.0.202411081344/tools/bin/../lib/gcc/arm-none-eabi/13.3.1/../../../../arm-none-eabi/lib/thumb/v7-m/nofp\libc_nano.a(libc_a-stdio.o)
                0x0800c506                __swrite
 .text.__sseek  0x0800c53e       0x24 D:/STM32CubeIDE_1.19.0/STM32CubeIDE/plugins/com.st.stm32cube.ide.mcu.externaltools.gnu-tools-for-stm32.13.3.rel1.win32_1.0.0.202411081344/tools/bin/../lib/gcc/arm-none-eabi/13.3.1/../../../../arm-none-eabi/lib/thumb/v7-m/nofp\libc_nano.a(libc_a-stdio.o)
                0x0800c53e                __sseek
 .text.__sclose
                0x0800c562        0x8 D:/STM32CubeIDE_1.19.0/STM32CubeIDE/plugins/com.st.stm32cube.ide.mcu.externaltools.gnu-tools-for-stm32.13.3.rel1.win32_1.0.0.202411081344/tools/bin/../lib/gcc/arm-none-eabi/13.3.1/../../../../arm-none-eabi/lib/thumb/v7-m/nofp\libc_nano.a(libc_a-stdio.o)
                0x0800c562                __sclose
 .text._vsnprintf_r
                0x0800c56a       0x5c D:/STM32CubeIDE_1.19.0/STM32CubeIDE/plugins/com.st.stm32cube.ide.mcu.externaltools.gnu-tools-for-stm32.13.3.rel1.win32_1.0.0.202411081344/tools/bin/../lib/gcc/arm-none-eabi/13.3.1/../../../../arm-none-eabi/lib/thumb/v7-m/nofp\libc_nano.a(libc_a-vsnprintf.o)
                0x0800c56a                _vsniprintf_r
                0x0800c56a                _vsnprintf_r
 *fill*         0x0800c5c6        0x2 
 .text.vsnprintf
                0x0800c5c8       0x1c D:/STM32CubeIDE_1.19.0/STM32CubeIDE/plugins/com.st.stm32cube.ide.mcu.externaltools.gnu-tools-for-stm32.13.3.rel1.win32_1.0.0.202411081344/tools/bin/../lib/gcc/arm-none-eabi/13.3.1/../../../../arm-none-eabi/lib/thumb/v7-m/nofp\libc_nano.a(libc_a-vsnprintf.o)
                0x0800c5c8                vsniprintf
                0x0800c5c8                vsnprintf
 .text.__swbuf_r
                0x0800c5e4       0x7c D:/STM32CubeIDE_1.19.0/STM32CubeIDE/plugins/com.st.stm32cube.ide.mcu.externaltools.gnu-tools-for-stm32.13.3.rel1.win32_1.0.0.202411081344/tools/bin/../lib/gcc/arm-none-eabi/13.3.1/../../../../arm-none-eabi/lib/thumb/v7-m/nofp\libc_nano.a(libc_a-wbuf.o)
                0x0800c5e4                __swbuf_r
 .text.__swsetup_r
                0x0800c660       0xac D:/STM32CubeIDE_1.19.0/STM32CubeIDE/plugins/com.st.stm32cube.ide.mcu.externaltools.gnu-tools-for-stm32.13.3.rel1.win32_1.0.0.202411081344/tools/bin/../lib/gcc/arm-none-eabi/13.3.1/../../../../arm-none-eabi/lib/thumb/v7-m/nofp\libc_nano.a(libc_a-wsetup.o)
                0x0800c660                __swsetup_r
 .text.memcmp   0x0800c70c       0x20 D:/STM32CubeIDE_1.19.0/STM32CubeIDE/plugins/com.st.stm32cube.ide.mcu.externaltools.gnu-tools-for-stm32.13.3.rel1.win32_1.0.0.202411081344/tools/bin/../lib/gcc/arm-none-eabi/13.3.1/../../../../arm-none-eabi/lib/thumb/v7-m/nofp\libc_nano.a(libc_a-memcmp.o)
                0x0800c70c                memcmp
 .text.memset   0x0800c72c       0x10 D:/STM32CubeIDE_1.19.0/STM32CubeIDE/plugins/com.st.stm32cube.ide.mcu.externaltools.gnu-tools-for-stm32.13.3.rel1.win32_1.0.0.202411081344/tools/bin/../lib/gcc/arm-none-eabi/13.3.1/../../../../arm-none-eabi/lib/thumb/v7-m/nofp\libc_nano.a(libc_a-memset.o)
                0x0800c72c                memset
 .text._localeconv_r
                0x0800c73c        0x8 D:/STM32CubeIDE_1.19.0/STM32CubeIDE/plugins/com.st.stm32cube.ide.mcu.externaltools.gnu-tools-for-stm32.13.3.rel1.win32_1.0.0.202411081344/tools/bin/../lib/gcc/arm-none-eabi/13.3.1/../../../../arm-none-eabi/lib/thumb/v7-m/nofp\libc_nano.a(libc_a-localeconv.o)
                0x0800c73c                _localeconv_r
 .text._close_r
                0x0800c744       0x20 D:/STM32CubeIDE_1.19.0/STM32CubeIDE/plugins/com.st.stm32cube.ide.mcu.externaltools.gnu-tools-for-stm32.13.3.rel1.win32_1.0.0.202411081344/tools/bin/../lib/gcc/arm-none-eabi/13.3.1/../../../../arm-none-eabi/lib/thumb/v7-m/nofp\libc_nano.a(libc_a-closer.o)
                0x0800c744                _close_r
 .text._lseek_r
                0x0800c764       0x24 D:/STM32CubeIDE_1.19.0/STM32CubeIDE/plugins/com.st.stm32cube.ide.mcu.externaltools.gnu-tools-for-stm32.13.3.rel1.win32_1.0.0.202411081344/tools/bin/../lib/gcc/arm-none-eabi/13.3.1/../../../../arm-none-eabi/lib/thumb/v7-m/nofp\libc_nano.a(libc_a-lseekr.o)
                0x0800c764                _lseek_r
 .text._read_r  0x0800c788       0x24 D:/STM32CubeIDE_1.19.0/STM32CubeIDE/plugins/com.st.stm32cube.ide.mcu.externaltools.gnu-tools-for-stm32.13.3.rel1.win32_1.0.0.202411081344/tools/bin/../lib/gcc/arm-none-eabi/13.3.1/../../../../arm-none-eabi/lib/thumb/v7-m/nofp\libc_nano.a(libc_a-readr.o)
                0x0800c788                _read_r
 .text._write_r
                0x0800c7ac       0x24 D:/STM32CubeIDE_1.19.0/STM32CubeIDE/plugins/com.st.stm32cube.ide.mcu.externaltools.gnu-tools-for-stm32.13.3.rel1.win32_1.0.0.202411081344/tools/bin/../lib/gcc/arm-none-eabi/13.3.1/../../../../arm-none-eabi/lib/thumb/v7-m/nofp\libc_nano.a(libc_a-writer.o)
                0x0800c7ac                _write_r
 .text.__errno  0x0800c7d0        0xc D:/STM32CubeIDE_1.19.0/STM32CubeIDE/plugins/com.st.stm32cube.ide.mcu.externaltools.gnu-tools-for-stm32.13.3.rel1.win32_1.0.0.202411081344/tools/bin/../lib/gcc/arm-none-eabi/13.3.1/../../../../arm-none-eabi/lib/thumb/v7-m/nofp\libc_nano.a(libc_a-errno.o)
                0x0800c7d0                __errno
 .text.__libc_init_array
                0x0800c7dc       0x48 D:/STM32CubeIDE_1.19.0/STM32CubeIDE/plugins/com.st.stm32cube.ide.mcu.externaltools.gnu-tools-for-stm32.13.3.rel1.win32_1.0.0.202411081344/tools/bin/../lib/gcc/arm-none-eabi/13.3.1/../../../../arm-none-eabi/lib/thumb/v7-m/nofp\libc_nano.a(libc_a-init.o)
                0x0800c7dc                __libc_init_array
 .text.__retarget_lock_init_recursive
                0x0800c824        0x2 D:/STM32CubeIDE_1.19.0/STM32CubeIDE/plugins/com.st.stm32cube.ide.mcu.externaltools.gnu-tools-for-stm32.13.3.rel1.win32_1.0.0.202411081344/tools/bin/../lib/gcc/arm-none-eabi/13.3.1/../../../../arm-none-eabi/lib/thumb/v7-m/nofp\libc_nano.a(libc_a-lock.o)
                0x0800c824                __retarget_lock_init_recursive
 .text.__retarget_lock_acquire_recursive
                0x0800c826        0x2 D:/STM32CubeIDE_1.19.0/STM32CubeIDE/plugins/com.st.stm32cube.ide.mcu.externaltools.gnu-tools-for-stm32.13.3.rel1.win32_1.0.0.202411081344/tools/bin/../lib/gcc/arm-none-eabi/13.3.1/../../../../arm-none-eabi/lib/thumb/v7-m/nofp\libc_nano.a(libc_a-lock.o)
                0x0800c826                __retarget_lock_acquire_recursive
 .text.__retarget_lock_release_recursive
                0x0800c828        0x2 D:/STM32CubeIDE_1.19.0/STM32CubeIDE/plugins/com.st.stm32cube.ide.mcu.externaltools.gnu-tools-for-stm32.13.3.rel1.win32_1.0.0.202411081344/tools/bin/../lib/gcc/arm-none-eabi/13.3.1/../../../../arm-none-eabi/lib/thumb/v7-m/nofp\libc_nano.a(libc_a-lock.o)
                0x0800c828                __retarget_lock_release_recursive
 .text.memchr   0x0800c82a       0x1c D:/STM32CubeIDE_1.19.0/STM32CubeIDE/plugins/com.st.stm32cube.ide.mcu.externaltools.gnu-tools-for-stm32.13.3.rel1.win32_1.0.0.202411081344/tools/bin/../lib/gcc/arm-none-eabi/13.3.1/../../../../arm-none-eabi/lib/thumb/v7-m/nofp\libc_nano.a(libc_a-memchr-stub.o)
                0x0800c82a                memchr
 .text.memcpy   0x0800c846       0x1c D:/STM32CubeIDE_1.19.0/STM32CubeIDE/plugins/com.st.stm32cube.ide.mcu.externaltools.gnu-tools-for-stm32.13.3.rel1.win32_1.0.0.202411081344/tools/bin/../lib/gcc/arm-none-eabi/13.3.1/../../../../arm-none-eabi/lib/thumb/v7-m/nofp\libc_nano.a(libc_a-memcpy-stub.o)
                0x0800c846                memcpy
 .text.quorem   0x0800c862      0x110 D:/STM32CubeIDE_1.19.0/STM32CubeIDE/plugins/com.st.stm32cube.ide.mcu.externaltools.gnu-tools-for-stm32.13.3.rel1.win32_1.0.0.202411081344/tools/bin/../lib/gcc/arm-none-eabi/13.3.1/../../../../arm-none-eabi/lib/thumb/v7-m/nofp\libc_nano.a(libc_a-dtoa.o)
 *fill*         0x0800c972        0x6 
 .text._dtoa_r  0x0800c978      0xba8 D:/STM32CubeIDE_1.19.0/STM32CubeIDE/plugins/com.st.stm32cube.ide.mcu.externaltools.gnu-tools-for-stm32.13.3.rel1.win32_1.0.0.202411081344/tools/bin/../lib/gcc/arm-none-eabi/13.3.1/../../../../arm-none-eabi/lib/thumb/v7-m/nofp\libc_nano.a(libc_a-dtoa.o)
                0x0800c978                _dtoa_r
 .text._free_r  0x0800d520       0x90 D:/STM32CubeIDE_1.19.0/STM32CubeIDE/plugins/com.st.stm32cube.ide.mcu.externaltools.gnu-tools-for-stm32.13.3.rel1.win32_1.0.0.202411081344/tools/bin/../lib/gcc/arm-none-eabi/13.3.1/../../../../arm-none-eabi/lib/thumb/v7-m/nofp\libc_nano.a(libc_a-freer.o)
                0x0800d520                _free_r
 .text.malloc   0x0800d5b0       0x10 D:/STM32CubeIDE_1.19.0/STM32CubeIDE/plugins/com.st.stm32cube.ide.mcu.externaltools.gnu-tools-for-stm32.13.3.rel1.win32_1.0.0.202411081344/tools/bin/../lib/gcc/arm-none-eabi/13.3.1/../../../../arm-none-eabi/lib/thumb/v7-m/nofp\libc_nano.a(libc_a-malloc.o)
                0x0800d5b0                malloc
 .text.sbrk_aligned
                0x0800d5c0       0x44 D:/STM32CubeIDE_1.19.0/STM32CubeIDE/plugins/com.st.stm32cube.ide.mcu.externaltools.gnu-tools-for-stm32.13.3.rel1.win32_1.0.0.202411081344/tools/bin/../lib/gcc/arm-none-eabi/13.3.1/../../../../arm-none-eabi/lib/thumb/v7-m/nofp\libc_nano.a(libc_a-mallocr.o)
 .text._malloc_r
                0x0800d604      0x100 D:/STM32CubeIDE_1.19.0/STM32CubeIDE/plugins/com.st.stm32cube.ide.mcu.externaltools.gnu-tools-for-stm32.13.3.rel1.win32_1.0.0.202411081344/tools/bin/../lib/gcc/arm-none-eabi/13.3.1/../../../../arm-none-eabi/lib/thumb/v7-m/nofp\libc_nano.a(libc_a-mallocr.o)
                0x0800d604                _malloc_r
 .text.__malloc_lock
                0x0800d704        0xc D:/STM32CubeIDE_1.19.0/STM32CubeIDE/plugins/com.st.stm32cube.ide.mcu.externaltools.gnu-tools-for-stm32.13.3.rel1.win32_1.0.0.202411081344/tools/bin/../lib/gcc/arm-none-eabi/13.3.1/../../../../arm-none-eabi/lib/thumb/v7-m/nofp\libc_nano.a(libc_a-mlock.o)
                0x0800d704                __malloc_lock
 .text.__malloc_unlock
                0x0800d710        0xc D:/STM32CubeIDE_1.19.0/STM32CubeIDE/plugins/com.st.stm32cube.ide.mcu.externaltools.gnu-tools-for-stm32.13.3.rel1.win32_1.0.0.202411081344/tools/bin/../lib/gcc/arm-none-eabi/13.3.1/../../../../arm-none-eabi/lib/thumb/v7-m/nofp\libc_nano.a(libc_a-mlock.o)
                0x0800d710                __malloc_unlock
 .text._Balloc  0x0800d71c       0x80 D:/STM32CubeIDE_1.19.0/STM32CubeIDE/plugins/com.st.stm32cube.ide.mcu.externaltools.gnu-tools-for-stm32.13.3.rel1.win32_1.0.0.202411081344/tools/bin/../lib/gcc/arm-none-eabi/13.3.1/../../../../arm-none-eabi/lib/thumb/v7-m/nofp\libc_nano.a(libc_a-mprec.o)
                0x0800d71c                _Balloc
 .text._Bfree   0x0800d79c       0x44 D:/STM32CubeIDE_1.19.0/STM32CubeIDE/plugins/com.st.stm32cube.ide.mcu.externaltools.gnu-tools-for-stm32.13.3.rel1.win32_1.0.0.202411081344/tools/bin/../lib/gcc/arm-none-eabi/13.3.1/../../../../arm-none-eabi/lib/thumb/v7-m/nofp\libc_nano.a(libc_a-mprec.o)
                0x0800d79c                _Bfree
 .text.__multadd
                0x0800d7e0       0x8c D:/STM32CubeIDE_1.19.0/STM32CubeIDE/plugins/com.st.stm32cube.ide.mcu.externaltools.gnu-tools-for-stm32.13.3.rel1.win32_1.0.0.202411081344/tools/bin/../lib/gcc/arm-none-eabi/13.3.1/../../../../arm-none-eabi/lib/thumb/v7-m/nofp\libc_nano.a(libc_a-mprec.o)
                0x0800d7e0                __multadd
 .text.__hi0bits
                0x0800d86c       0x3e D:/STM32CubeIDE_1.19.0/STM32CubeIDE/plugins/com.st.stm32cube.ide.mcu.externaltools.gnu-tools-for-stm32.13.3.rel1.win32_1.0.0.202411081344/tools/bin/../lib/gcc/arm-none-eabi/13.3.1/../../../../arm-none-eabi/lib/thumb/v7-m/nofp\libc_nano.a(libc_a-mprec.o)
                0x0800d86c                __hi0bits
 .text.__lo0bits
                0x0800d8aa       0x5a D:/STM32CubeIDE_1.19.0/STM32CubeIDE/plugins/com.st.stm32cube.ide.mcu.externaltools.gnu-tools-for-stm32.13.3.rel1.win32_1.0.0.202411081344/tools/bin/../lib/gcc/arm-none-eabi/13.3.1/../../../../arm-none-eabi/lib/thumb/v7-m/nofp\libc_nano.a(libc_a-mprec.o)
                0x0800d8aa                __lo0bits
 .text.__i2b    0x0800d904       0x2c D:/STM32CubeIDE_1.19.0/STM32CubeIDE/plugins/com.st.stm32cube.ide.mcu.externaltools.gnu-tools-for-stm32.13.3.rel1.win32_1.0.0.202411081344/tools/bin/../lib/gcc/arm-none-eabi/13.3.1/../../../../arm-none-eabi/lib/thumb/v7-m/nofp\libc_nano.a(libc_a-mprec.o)
                0x0800d904                __i2b
 .text.__multiply
                0x0800d930      0x144 D:/STM32CubeIDE_1.19.0/STM32CubeIDE/plugins/com.st.stm32cube.ide.mcu.externaltools.gnu-tools-for-stm32.13.3.rel1.win32_1.0.0.202411081344/tools/bin/../lib/gcc/arm-none-eabi/13.3.1/../../../../arm-none-eabi/lib/thumb/v7-m/nofp\libc_nano.a(libc_a-mprec.o)
                0x0800d930                __multiply
 .text.__pow5mult
                0x0800da74       0xb4 D:/STM32CubeIDE_1.19.0/STM32CubeIDE/plugins/com.st.stm32cube.ide.mcu.externaltools.gnu-tools-for-stm32.13.3.rel1.win32_1.0.0.202411081344/tools/bin/../lib/gcc/arm-none-eabi/13.3.1/../../../../arm-none-eabi/lib/thumb/v7-m/nofp\libc_nano.a(libc_a-mprec.o)
                0x0800da74                __pow5mult
 .text.__lshift
                0x0800db28       0xd8 D:/STM32CubeIDE_1.19.0/STM32CubeIDE/plugins/com.st.stm32cube.ide.mcu.externaltools.gnu-tools-for-stm32.13.3.rel1.win32_1.0.0.202411081344/tools/bin/../lib/gcc/arm-none-eabi/13.3.1/../../../../arm-none-eabi/lib/thumb/v7-m/nofp\libc_nano.a(libc_a-mprec.o)
                0x0800db28                __lshift
 .text.__mcmp   0x0800dc00       0x36 D:/STM32CubeIDE_1.19.0/STM32CubeIDE/plugins/com.st.stm32cube.ide.mcu.externaltools.gnu-tools-for-stm32.13.3.rel1.win32_1.0.0.202411081344/tools/bin/../lib/gcc/arm-none-eabi/13.3.1/../../../../arm-none-eabi/lib/thumb/v7-m/nofp\libc_nano.a(libc_a-mprec.o)
                0x0800dc00                __mcmp
 *fill*         0x0800dc36        0x2 
 .text.__mdiff  0x0800dc38      0x128 D:/STM32CubeIDE_1.19.0/STM32CubeIDE/plugins/com.st.stm32cube.ide.mcu.externaltools.gnu-tools-for-stm32.13.3.rel1.win32_1.0.0.202411081344/tools/bin/../lib/gcc/arm-none-eabi/13.3.1/../../../../arm-none-eabi/lib/thumb/v7-m/nofp\libc_nano.a(libc_a-mprec.o)
                0x0800dc38                __mdiff
 .text.__d2b    0x0800dd60       0xb0 D:/STM32CubeIDE_1.19.0/STM32CubeIDE/plugins/com.st.stm32cube.ide.mcu.externaltools.gnu-tools-for-stm32.13.3.rel1.win32_1.0.0.202411081344/tools/bin/../lib/gcc/arm-none-eabi/13.3.1/../../../../arm-none-eabi/lib/thumb/v7-m/nofp\libc_nano.a(libc_a-mprec.o)
                0x0800dd60                __d2b
 .text.__ssputs_r
                0x0800de10       0xb6 D:/STM32CubeIDE_1.19.0/STM32CubeIDE/plugins/com.st.stm32cube.ide.mcu.externaltools.gnu-tools-for-stm32.13.3.rel1.win32_1.0.0.202411081344/tools/bin/../lib/gcc/arm-none-eabi/13.3.1/../../../../arm-none-eabi/lib/thumb/v7-m/nofp\libc_nano.a(libc_a-nano-svfprintf.o)
                0x0800de10                __ssputs_r
 *fill*         0x0800dec6        0x2 
 .text._svfprintf_r
                0x0800dec8      0x1f8 D:/STM32CubeIDE_1.19.0/STM32CubeIDE/plugins/com.st.stm32cube.ide.mcu.externaltools.gnu-tools-for-stm32.13.3.rel1.win32_1.0.0.202411081344/tools/bin/../lib/gcc/arm-none-eabi/13.3.1/../../../../arm-none-eabi/lib/thumb/v7-m/nofp\libc_nano.a(libc_a-nano-svfprintf.o)
                0x0800dec8                _svfiprintf_r
                0x0800dec8                _svfprintf_r
 .text.__sfputc_r
                0x0800e0c0       0x2a D:/STM32CubeIDE_1.19.0/STM32CubeIDE/plugins/com.st.stm32cube.ide.mcu.externaltools.gnu-tools-for-stm32.13.3.rel1.win32_1.0.0.202411081344/tools/bin/../lib/gcc/arm-none-eabi/13.3.1/../../../../arm-none-eabi/lib/thumb/v7-m/nofp\libc_nano.a(libc_a-nano-vfprintf.o)
 .text.__sfputs_r
                0x0800e0ea       0x24 D:/STM32CubeIDE_1.19.0/STM32CubeIDE/plugins/com.st.stm32cube.ide.mcu.externaltools.gnu-tools-for-stm32.13.3.rel1.win32_1.0.0.202411081344/tools/bin/../lib/gcc/arm-none-eabi/13.3.1/../../../../arm-none-eabi/lib/thumb/v7-m/nofp\libc_nano.a(libc_a-nano-vfprintf.o)
                0x0800e0ea                __sfputs_r
 *fill*         0x0800e10e        0x2 
 .text._vfprintf_r
                0x0800e110      0x230 D:/STM32CubeIDE_1.19.0/STM32CubeIDE/plugins/com.st.stm32cube.ide.mcu.externaltools.gnu-tools-for-stm32.13.3.rel1.win32_1.0.0.202411081344/tools/bin/../lib/gcc/arm-none-eabi/13.3.1/../../../../arm-none-eabi/lib/thumb/v7-m/nofp\libc_nano.a(libc_a-nano-vfprintf.o)
                0x0800e110                _vfprintf_r
                0x0800e110                _vfiprintf_r
 .text.__sflush_r
                0x0800e340      0x100 D:/STM32CubeIDE_1.19.0/STM32CubeIDE/plugins/com.st.stm32cube.ide.mcu.externaltools.gnu-tools-for-stm32.13.3.rel1.win32_1.0.0.202411081344/tools/bin/../lib/gcc/arm-none-eabi/13.3.1/../../../../arm-none-eabi/lib/thumb/v7-m/nofp\libc_nano.a(libc_a-fflush.o)
                0x0800e340                __sflush_r
 .text._fflush_r
                0x0800e440       0x50 D:/STM32CubeIDE_1.19.0/STM32CubeIDE/plugins/com.st.stm32cube.ide.mcu.externaltools.gnu-tools-for-stm32.13.3.rel1.win32_1.0.0.202411081344/tools/bin/../lib/gcc/arm-none-eabi/13.3.1/../../../../arm-none-eabi/lib/thumb/v7-m/nofp\libc_nano.a(libc_a-fflush.o)
                0x0800e440                _fflush_r
 .text.__swhatbuf_r
                0x0800e490       0x4a D:/STM32CubeIDE_1.19.0/STM32CubeIDE/plugins/com.st.stm32cube.ide.mcu.externaltools.gnu-tools-for-stm32.13.3.rel1.win32_1.0.0.202411081344/tools/bin/../lib/gcc/arm-none-eabi/13.3.1/../../../../arm-none-eabi/lib/thumb/v7-m/nofp\libc_nano.a(libc_a-makebuf.o)
                0x0800e490                __swhatbuf_r
 .text.__smakebuf_r
                0x0800e4da       0x78 D:/STM32CubeIDE_1.19.0/STM32CubeIDE/plugins/com.st.stm32cube.ide.mcu.externaltools.gnu-tools-for-stm32.13.3.rel1.win32_1.0.0.202411081344/tools/bin/../lib/gcc/arm-none-eabi/13.3.1/../../../../arm-none-eabi/lib/thumb/v7-m/nofp\libc_nano.a(libc_a-makebuf.o)
                0x0800e4da                __smakebuf_r
 .text.memmove  0x0800e552       0x34 D:/STM32CubeIDE_1.19.0/STM32CubeIDE/plugins/com.st.stm32cube.ide.mcu.externaltools.gnu-tools-for-stm32.13.3.rel1.win32_1.0.0.202411081344/tools/bin/../lib/gcc/arm-none-eabi/13.3.1/../../../../arm-none-eabi/lib/thumb/v7-m/nofp\libc_nano.a(libc_a-memmove.o)
                0x0800e552                memmove
 *fill*         0x0800e586        0x2 
 .text._fstat_r
                0x0800e588       0x24 D:/STM32CubeIDE_1.19.0/STM32CubeIDE/plugins/com.st.stm32cube.ide.mcu.externaltools.gnu-tools-for-stm32.13.3.rel1.win32_1.0.0.202411081344/tools/bin/../lib/gcc/arm-none-eabi/13.3.1/../../../../arm-none-eabi/lib/thumb/v7-m/nofp\libc_nano.a(libc_a-fstatr.o)
                0x0800e588                _fstat_r
 .text._isatty_r
                0x0800e5ac       0x20 D:/STM32CubeIDE_1.19.0/STM32CubeIDE/plugins/com.st.stm32cube.ide.mcu.externaltools.gnu-tools-for-stm32.13.3.rel1.win32_1.0.0.202411081344/tools/bin/../lib/gcc/arm-none-eabi/13.3.1/../../../../arm-none-eabi/lib/thumb/v7-m/nofp\libc_nano.a(libc_a-isattyr.o)
                0x0800e5ac                _isatty_r
 .text._sbrk_r  0x0800e5cc       0x20 D:/STM32CubeIDE_1.19.0/STM32CubeIDE/plugins/com.st.stm32cube.ide.mcu.externaltools.gnu-tools-for-stm32.13.3.rel1.win32_1.0.0.202411081344/tools/bin/../lib/gcc/arm-none-eabi/13.3.1/../../../../arm-none-eabi/lib/thumb/v7-m/nofp\libc_nano.a(libc_a-sbrkr.o)
                0x0800e5cc                _sbrk_r
 .text.__assert_func
                0x0800e5ec       0x3c D:/STM32CubeIDE_1.19.0/STM32CubeIDE/plugins/com.st.stm32cube.ide.mcu.externaltools.gnu-tools-for-stm32.13.3.rel1.win32_1.0.0.202411081344/tools/bin/../lib/gcc/arm-none-eabi/13.3.1/../../../../arm-none-eabi/lib/thumb/v7-m/nofp\libc_nano.a(libc_a-assert.o)
                0x0800e5ec                __assert_func
 .text._calloc_r
                0x0800e628       0x28 D:/STM32CubeIDE_1.19.0/STM32CubeIDE/plugins/com.st.stm32cube.ide.mcu.externaltools.gnu-tools-for-stm32.13.3.rel1.win32_1.0.0.202411081344/tools/bin/../lib/gcc/arm-none-eabi/13.3.1/../../../../arm-none-eabi/lib/thumb/v7-m/nofp\libc_nano.a(libc_a-callocr.o)
                0x0800e628                _calloc_r
 .text.__ascii_mbtowc
                0x0800e650       0x24 D:/STM32CubeIDE_1.19.0/STM32CubeIDE/plugins/com.st.stm32cube.ide.mcu.externaltools.gnu-tools-for-stm32.13.3.rel1.win32_1.0.0.202411081344/tools/bin/../lib/gcc/arm-none-eabi/13.3.1/../../../../arm-none-eabi/lib/thumb/v7-m/nofp\libc_nano.a(libc_a-mbtowc_r.o)
                0x0800e650                __ascii_mbtowc
 .text._realloc_r
                0x0800e674       0x5c D:/STM32CubeIDE_1.19.0/STM32CubeIDE/plugins/com.st.stm32cube.ide.mcu.externaltools.gnu-tools-for-stm32.13.3.rel1.win32_1.0.0.202411081344/tools/bin/../lib/gcc/arm-none-eabi/13.3.1/../../../../arm-none-eabi/lib/thumb/v7-m/nofp\libc_nano.a(libc_a-reallocr.o)
                0x0800e674                _realloc_r
 .text.__ascii_wctomb
                0x0800e6d0       0x1a D:/STM32CubeIDE_1.19.0/STM32CubeIDE/plugins/com.st.stm32cube.ide.mcu.externaltools.gnu-tools-for-stm32.13.3.rel1.win32_1.0.0.202411081344/tools/bin/../lib/gcc/arm-none-eabi/13.3.1/../../../../arm-none-eabi/lib/thumb/v7-m/nofp\libc_nano.a(libc_a-wctomb_r.o)
                0x0800e6d0                __ascii_wctomb
 *fill*         0x0800e6ea        0x2 
 .text.fprintf  0x0800e6ec       0x24 D:/STM32CubeIDE_1.19.0/STM32CubeIDE/plugins/com.st.stm32cube.ide.mcu.externaltools.gnu-tools-for-stm32.13.3.rel1.win32_1.0.0.202411081344/tools/bin/../lib/gcc/arm-none-eabi/13.3.1/../../../../arm-none-eabi/lib/thumb/v7-m/nofp\libc_nano.a(libc_a-fprintf.o)
                0x0800e6ec                fiprintf
                0x0800e6ec                fprintf
 .text.abort    0x0800e710        0xe D:/STM32CubeIDE_1.19.0/STM32CubeIDE/plugins/com.st.stm32cube.ide.mcu.externaltools.gnu-tools-for-stm32.13.3.rel1.win32_1.0.0.202411081344/tools/bin/../lib/gcc/arm-none-eabi/13.3.1/../../../../arm-none-eabi/lib/thumb/v7-m/nofp\libc_nano.a(libc_a-abort.o)
                0x0800e710                abort
 .text._malloc_usable_size_r
                0x0800e71e       0x10 D:/STM32CubeIDE_1.19.0/STM32CubeIDE/plugins/com.st.stm32cube.ide.mcu.externaltools.gnu-tools-for-stm32.13.3.rel1.win32_1.0.0.202411081344/tools/bin/../lib/gcc/arm-none-eabi/13.3.1/../../../../arm-none-eabi/lib/thumb/v7-m/nofp\libc_nano.a(libc_a-msizer.o)
                0x0800e71e                _malloc_usable_size_r
 .text._raise_r
                0x0800e72e       0x50 D:/STM32CubeIDE_1.19.0/STM32CubeIDE/plugins/com.st.stm32cube.ide.mcu.externaltools.gnu-tools-for-stm32.13.3.rel1.win32_1.0.0.202411081344/tools/bin/../lib/gcc/arm-none-eabi/13.3.1/../../../../arm-none-eabi/lib/thumb/v7-m/nofp\libc_nano.a(libc_a-signal.o)
                0x0800e72e                _raise_r
 *fill*         0x0800e77e        0x2 
 .text.raise    0x0800e780       0x10 D:/STM32CubeIDE_1.19.0/STM32CubeIDE/plugins/com.st.stm32cube.ide.mcu.externaltools.gnu-tools-for-stm32.13.3.rel1.win32_1.0.0.202411081344/tools/bin/../lib/gcc/arm-none-eabi/13.3.1/../../../../arm-none-eabi/lib/thumb/v7-m/nofp\libc_nano.a(libc_a-signal.o)
                0x0800e780                raise
 .text._kill_r  0x0800e790       0x24 D:/STM32CubeIDE_1.19.0/STM32CubeIDE/plugins/com.st.stm32cube.ide.mcu.externaltools.gnu-tools-for-stm32.13.3.rel1.win32_1.0.0.202411081344/tools/bin/../lib/gcc/arm-none-eabi/13.3.1/../../../../arm-none-eabi/lib/thumb/v7-m/nofp\libc_nano.a(libc_a-signalr.o)
                0x0800e790                _kill_r
 .text._getpid_r
                0x0800e7b4        0x4 D:/STM32CubeIDE_1.19.0/STM32CubeIDE/plugins/com.st.stm32cube.ide.mcu.externaltools.gnu-tools-for-stm32.13.3.rel1.win32_1.0.0.202411081344/tools/bin/../lib/gcc/arm-none-eabi/13.3.1/../../../../arm-none-eabi/lib/thumb/v7-m/nofp\libc_nano.a(libc_a-signalr.o)
                0x0800e7b4                _getpid_r
 *(.glue_7)
 .glue_7        0x0800e7b8        0x0 linker stubs
 *(.glue_7t)
 .glue_7t       0x0800e7b8        0x0 linker stubs
 *(.eh_frame)
 .eh_frame      0x0800e7b8        0x0 D:/STM32CubeIDE_1.19.0/STM32CubeIDE/plugins/com.st.stm32cube.ide.mcu.externaltools.gnu-tools-for-stm32.13.3.rel1.win32_1.0.0.202411081344/tools/bin/../lib/gcc/arm-none-eabi/13.3.1/thumb/v7-m/nofp/crtbegin.o
 *(.init)
 .init          0x0800e7b8        0x4 D:/STM32CubeIDE_1.19.0/STM32CubeIDE/plugins/com.st.stm32cube.ide.mcu.externaltools.gnu-tools-for-stm32.13.3.rel1.win32_1.0.0.202411081344/tools/bin/../lib/gcc/arm-none-eabi/13.3.1/thumb/v7-m/nofp/crti.o
                0x0800e7b8                _init
 .init          0x0800e7bc        0x8 D:/STM32CubeIDE_1.19.0/STM32CubeIDE/plugins/com.st.stm32cube.ide.mcu.externaltools.gnu-tools-for-stm32.13.3.rel1.win32_1.0.0.202411081344/tools/bin/../lib/gcc/arm-none-eabi/13.3.1/thumb/v7-m/nofp/crtn.o
 *(.fini)
 .fini          0x0800e7c4        0x4 D:/STM32CubeIDE_1.19.0/STM32CubeIDE/plugins/com.st.stm32cube.ide.mcu.externaltools.gnu-tools-for-stm32.13.3.rel1.win32_1.0.0.202411081344/tools/bin/../lib/gcc/arm-none-eabi/13.3.1/thumb/v7-m/nofp/crti.o
                0x0800e7c4                _fini
 .fini          0x0800e7c8        0x8 D:/STM32CubeIDE_1.19.0/STM32CubeIDE/plugins/com.st.stm32cube.ide.mcu.externaltools.gnu-tools-for-stm32.13.3.rel1.win32_1.0.0.202411081344/tools/bin/../lib/gcc/arm-none-eabi/13.3.1/thumb/v7-m/nofp/crtn.o
                0x0800e7d0                        . = ALIGN (0x4)
                0x0800e7d0                        _etext = .

.vfp11_veneer   0x0800e7d0        0x0
 .vfp11_veneer  0x0800e7d0        0x0 linker stubs

.v4_bx          0x0800e7d0        0x0
 .v4_bx         0x0800e7d0        0x0 linker stubs

.iplt           0x0800e7d0        0x0
 .iplt          0x0800e7d0        0x0 D:/STM32CubeIDE_1.19.0/STM32CubeIDE/plugins/com.st.stm32cube.ide.mcu.externaltools.gnu-tools-for-stm32.13.3.rel1.win32_1.0.0.202411081344/tools/bin/../lib/gcc/arm-none-eabi/13.3.1/thumb/v7-m/nofp/crtbegin.o

.rodata         0x0800e7d0     0x1d84
                0x0800e7d0                        . = ALIGN (0x4)
 *(.rodata)
 .rodata        0x0800e7d0      0x1d3 ./Core/Src/ble_table_upload.o
 *fill*         0x0800e9a3        0x1 
 .rodata        0x0800e9a4       0x39 ./Core/Src/hmi_control.o
 *fill*         0x0800e9dd        0x3 
 .rodata        0x0800e9e0      0x457 ./Core/Src/main.o
 *fill*         0x0800ee37        0x1 
 .rodata        0x0800ee38        0xd ./Core/Src/sensor_control.o
 *fill*         0x0800ee45        0x3 
 .rodata        0x0800ee48       0x17 ./Hardware/sfud/port/sfud_port.o
 *fill*         0x0800ee5f        0x1 
 .rodata        0x0800ee60      0x6d9 ./Hardware/sfud/src/sfud.o
 *fill*         0x0800f539        0x3 
 .rodata        0x0800f53c      0x74e ./Hardware/sfud/src/sfud_sfdp.o
 *(.rodata*)
 *fill*         0x0800fc8a        0x2 
 .rodata.s_title_utf8
                0x0800fc8c        0xc ./Core/Src/ble_table_upload.o
 .rodata.s_record_buf
                0x0800fc98        0xc ./Core/Src/ble_table_upload.o
 .rodata.s_index
                0x0800fca4        0xc ./Core/Src/ble_table_upload.o
 .rodata.headers.0
                0x0800fcb0       0x1c ./Core/Src/ble_table_upload.o
 .rodata.step_table
                0x0800fccc       0x10 ./Core/Src/hmi_control.o
                0x0800fccc                step_table
 .rodata.AHBPrescTable
                0x0800fcdc       0x10 ./Core/Src/system_stm32f1xx.o
                0x0800fcdc                AHBPrescTable
 .rodata.APBPrescTable
                0x0800fcec        0x8 ./Core/Src/system_stm32f1xx.o
                0x0800fcec                APBPrescTable
 .rodata.aPLLMULFactorTable.1
                0x0800fcf4       0x10 ./Drivers/STM32F1xx_HAL_Driver/Src/stm32f1xx_hal_rcc.o
 .rodata.aPredivFactorTable.0
                0x0800fd04        0x2 ./Drivers/STM32F1xx_HAL_Driver/Src/stm32f1xx_hal_rcc.o
 *fill*         0x0800fd06        0x2 
 .rodata.mf_table
                0x0800fd08       0x90 ./Hardware/sfud/src/sfud.o
 .rodata.flash_chip_table
                0x0800fd98      0x2d0 ./Hardware/sfud/src/sfud.o
 .rodata.__FUNCTION__.15
                0x08010068        0xe ./Hardware/sfud/src/sfud.o
 *fill*         0x08010076        0x2 
 .rodata.__FUNCTION__.14
                0x08010078        0xe ./Hardware/sfud/src/sfud.o
 *fill*         0x08010086        0x2 
 .rodata.__FUNCTION__.13
                0x08010088        0xa ./Hardware/sfud/src/sfud.o
 *fill*         0x08010092        0x2 
 .rodata.__FUNCTION__.12
                0x08010094       0x10 ./Hardware/sfud/src/sfud.o
 .rodata.__FUNCTION__.11
                0x080100a4        0xb ./Hardware/sfud/src/sfud.o
 *fill*         0x080100af        0x1 
 .rodata.__FUNCTION__.10
                0x080100b0       0x18 ./Hardware/sfud/src/sfud.o
 .rodata.__FUNCTION__.8
                0x080100c8        0xa ./Hardware/sfud/src/sfud.o
 *fill*         0x080100d2        0x2 
 .rodata.__FUNCTION__.7
                0x080100d4        0x6 ./Hardware/sfud/src/sfud.o
 *fill*         0x080100da        0x2 
 .rodata.__FUNCTION__.6
                0x080100dc        0xe ./Hardware/sfud/src/sfud.o
 *fill*         0x080100ea        0x2 
 .rodata.__FUNCTION__.5
                0x080100ec       0x12 ./Hardware/sfud/src/sfud.o
 *fill*         0x080100fe        0x2 
 .rodata.__FUNCTION__.4
                0x08010100       0x18 ./Hardware/sfud/src/sfud.o
 .rodata.__FUNCTION__.3
                0x08010118       0x11 ./Hardware/sfud/src/sfud.o
 *fill*         0x08010129        0x3 
 .rodata.__FUNCTION__.2
                0x0801012c        0xa ./Hardware/sfud/src/sfud.o
 *fill*         0x08010136        0x2 
 .rodata.__FUNCTION__.1
                0x08010138       0x18 ./Hardware/sfud/src/sfud.o
 .rodata.__FUNCTION__.0
                0x08010150       0x12 ./Hardware/sfud/src/sfud.o
 *fill*         0x08010162        0x2 
 .rodata.__FUNCTION__.5
                0x08010164        0xf ./Hardware/sfud/src/sfud_sfdp.o
 *fill*         0x08010173        0x1 
 .rodata.__FUNCTION__.4
                0x08010174       0x11 ./Hardware/sfud/src/sfud_sfdp.o
 *fill*         0x08010185        0x3 
 .rodata.__FUNCTION__.3
                0x08010188       0x12 ./Hardware/sfud/src/sfud_sfdp.o
 *fill*         0x0801019a        0x2 
 .rodata.__FUNCTION__.2
                0x0801019c       0x11 ./Hardware/sfud/src/sfud_sfdp.o
 *fill*         0x080101ad        0x3 
 .rodata.__FUNCTION__.1
                0x080101b0        0xf ./Hardware/sfud/src/sfud_sfdp.o
 *fill*         0x080101bf        0x1 
 .rodata.__FUNCTION__.0
                0x080101c0       0x1e ./Hardware/sfud/src/sfud_sfdp.o
 .rodata._printf_float.str1.1
                0x080101de      0x171 D:/STM32CubeIDE_1.19.0/STM32CubeIDE/plugins/com.st.stm32cube.ide.mcu.externaltools.gnu-tools-for-stm32.13.3.rel1.win32_1.0.0.202411081344/tools/bin/../lib/gcc/arm-none-eabi/13.3.1/../../../../arm-none-eabi/lib/thumb/v7-m/nofp\libc_nano.a(libc_a-nano-vfprintf_float.o)
                                 0x12 (size before relaxing)
 .rodata._printf_i.str1.1
                0x0801034f       0x22 D:/STM32CubeIDE_1.19.0/STM32CubeIDE/plugins/com.st.stm32cube.ide.mcu.externaltools.gnu-tools-for-stm32.13.3.rel1.win32_1.0.0.202411081344/tools/bin/../lib/gcc/arm-none-eabi/13.3.1/../../../../arm-none-eabi/lib/thumb/v7-m/nofp\libc_nano.a(libc_a-nano-vfprintf_i.o)
 .rodata._dtoa_r.str1.1
                0x0801034f       0x8f D:/STM32CubeIDE_1.19.0/STM32CubeIDE/plugins/com.st.stm32cube.ide.mcu.externaltools.gnu-tools-for-stm32.13.3.rel1.win32_1.0.0.202411081344/tools/bin/../lib/gcc/arm-none-eabi/13.3.1/../../../../arm-none-eabi/lib/thumb/v7-m/nofp\libc_nano.a(libc_a-dtoa.o)
 .rodata._Balloc.str1.1
                0x0801034f       0x70 D:/STM32CubeIDE_1.19.0/STM32CubeIDE/plugins/com.st.stm32cube.ide.mcu.externaltools.gnu-tools-for-stm32.13.3.rel1.win32_1.0.0.202411081344/tools/bin/../lib/gcc/arm-none-eabi/13.3.1/../../../../arm-none-eabi/lib/thumb/v7-m/nofp\libc_nano.a(libc_a-mprec.o)
 .rodata.__multadd.str1.1
                0x0801034f       0x11 D:/STM32CubeIDE_1.19.0/STM32CubeIDE/plugins/com.st.stm32cube.ide.mcu.externaltools.gnu-tools-for-stm32.13.3.rel1.win32_1.0.0.202411081344/tools/bin/../lib/gcc/arm-none-eabi/13.3.1/../../../../arm-none-eabi/lib/thumb/v7-m/nofp\libc_nano.a(libc_a-mprec.o)
 *fill*         0x0801034f        0x1 
 .rodata.p05.0  0x08010350        0xc D:/STM32CubeIDE_1.19.0/STM32CubeIDE/plugins/com.st.stm32cube.ide.mcu.externaltools.gnu-tools-for-stm32.13.3.rel1.win32_1.0.0.202411081344/tools/bin/../lib/gcc/arm-none-eabi/13.3.1/../../../../arm-none-eabi/lib/thumb/v7-m/nofp\libc_nano.a(libc_a-mprec.o)
 *fill*         0x0801035c        0x4 
 .rodata.__mprec_bigtens
                0x08010360       0x28 D:/STM32CubeIDE_1.19.0/STM32CubeIDE/plugins/com.st.stm32cube.ide.mcu.externaltools.gnu-tools-for-stm32.13.3.rel1.win32_1.0.0.202411081344/tools/bin/../lib/gcc/arm-none-eabi/13.3.1/../../../../arm-none-eabi/lib/thumb/v7-m/nofp\libc_nano.a(libc_a-mprec.o)
                0x08010360                __mprec_bigtens
 .rodata.__mprec_tens
                0x08010388       0xc8 D:/STM32CubeIDE_1.19.0/STM32CubeIDE/plugins/com.st.stm32cube.ide.mcu.externaltools.gnu-tools-for-stm32.13.3.rel1.win32_1.0.0.202411081344/tools/bin/../lib/gcc/arm-none-eabi/13.3.1/../../../../arm-none-eabi/lib/thumb/v7-m/nofp\libc_nano.a(libc_a-mprec.o)
                0x08010388                __mprec_tens
 .rodata._svfprintf_r.str1.1
                0x08010450       0x11 D:/STM32CubeIDE_1.19.0/STM32CubeIDE/plugins/com.st.stm32cube.ide.mcu.externaltools.gnu-tools-for-stm32.13.3.rel1.win32_1.0.0.202411081344/tools/bin/../lib/gcc/arm-none-eabi/13.3.1/../../../../arm-none-eabi/lib/thumb/v7-m/nofp\libc_nano.a(libc_a-nano-svfprintf.o)
 .rodata._vfprintf_r.str1.1
                0x08010450       0x11 D:/STM32CubeIDE_1.19.0/STM32CubeIDE/plugins/com.st.stm32cube.ide.mcu.externaltools.gnu-tools-for-stm32.13.3.rel1.win32_1.0.0.202411081344/tools/bin/../lib/gcc/arm-none-eabi/13.3.1/../../../../arm-none-eabi/lib/thumb/v7-m/nofp\libc_nano.a(libc_a-nano-vfprintf.o)
 .rodata._setlocale_r.str1.1
                0x08010450        0x9 D:/STM32CubeIDE_1.19.0/STM32CubeIDE/plugins/com.st.stm32cube.ide.mcu.externaltools.gnu-tools-for-stm32.13.3.rel1.win32_1.0.0.202411081344/tools/bin/../lib/gcc/arm-none-eabi/13.3.1/../../../../arm-none-eabi/lib/thumb/v7-m/nofp\libc_nano.a(libc_a-locale.o)
 .rodata.str1.1
                0x08010450        0x2 D:/STM32CubeIDE_1.19.0/STM32CubeIDE/plugins/com.st.stm32cube.ide.mcu.externaltools.gnu-tools-for-stm32.13.3.rel1.win32_1.0.0.202411081344/tools/bin/../lib/gcc/arm-none-eabi/13.3.1/../../../../arm-none-eabi/lib/thumb/v7-m/nofp\libc_nano.a(libc_a-locale.o)
 .rodata.__assert_func.str1.1
                0x08010450       0x3d D:/STM32CubeIDE_1.19.0/STM32CubeIDE/plugins/com.st.stm32cube.ide.mcu.externaltools.gnu-tools-for-stm32.13.3.rel1.win32_1.0.0.202411081344/tools/bin/../lib/gcc/arm-none-eabi/13.3.1/../../../../arm-none-eabi/lib/thumb/v7-m/nofp\libc_nano.a(libc_a-assert.o)
 .rodata._ctype_
                0x08010450      0x101 D:/STM32CubeIDE_1.19.0/STM32CubeIDE/plugins/com.st.stm32cube.ide.mcu.externaltools.gnu-tools-for-stm32.13.3.rel1.win32_1.0.0.202411081344/tools/bin/../lib/gcc/arm-none-eabi/13.3.1/../../../../arm-none-eabi/lib/thumb/v7-m/nofp\libc_nano.a(libc_a-ctype_.o)
                0x08010450                _ctype_
                0x08010554                        . = ALIGN (0x4)
 *fill*         0x08010551        0x3 

.ARM.extab      0x08010554        0x0
                0x08010554                        . = ALIGN (0x4)
 *(.ARM.extab* .gnu.linkonce.armextab.*)
                0x08010554                        . = ALIGN (0x4)

.ARM            0x08010554        0x8
                0x08010554                        . = ALIGN (0x4)
                0x08010554                        __exidx_start = .
 *(.ARM.exidx*)
 .ARM.exidx     0x08010554        0x8 D:/STM32CubeIDE_1.19.0/STM32CubeIDE/plugins/com.st.stm32cube.ide.mcu.externaltools.gnu-tools-for-stm32.13.3.rel1.win32_1.0.0.202411081344/tools/bin/../lib/gcc/arm-none-eabi/13.3.1/../../../../arm-none-eabi/lib/thumb/v7-m/nofp\libc_nano.a(libc_a-strlen.o)
                0x0801055c                        __exidx_end = .
                0x0801055c                        . = ALIGN (0x4)

.preinit_array  0x0801055c        0x0
                0x0801055c                        . = ALIGN (0x4)
                0x0801055c                        PROVIDE (__preinit_array_start = .)
 *(.preinit_array*)
                0x0801055c                        PROVIDE (__preinit_array_end = .)
                0x0801055c                        . = ALIGN (0x4)

.init_array     0x0801055c        0x4
                0x0801055c                        . = ALIGN (0x4)
                0x0801055c                        PROVIDE (__init_array_start = .)
 *(SORT_BY_NAME(.init_array.*))
 *(.init_array*)
 .init_array    0x0801055c        0x4 D:/STM32CubeIDE_1.19.0/STM32CubeIDE/plugins/com.st.stm32cube.ide.mcu.externaltools.gnu-tools-for-stm32.13.3.rel1.win32_1.0.0.202411081344/tools/bin/../lib/gcc/arm-none-eabi/13.3.1/thumb/v7-m/nofp/crtbegin.o
                0x08010560                        PROVIDE (__init_array_end = .)
                0x08010560                        . = ALIGN (0x4)

.fini_array     0x08010560        0x4
                0x08010560                        . = ALIGN (0x4)
                [!provide]                        PROVIDE (__fini_array_start = .)
 *(SORT_BY_NAME(.fini_array.*))
 *(.fini_array*)
 .fini_array    0x08010560        0x4 D:/STM32CubeIDE_1.19.0/STM32CubeIDE/plugins/com.st.stm32cube.ide.mcu.externaltools.gnu-tools-for-stm32.13.3.rel1.win32_1.0.0.202411081344/tools/bin/../lib/gcc/arm-none-eabi/13.3.1/thumb/v7-m/nofp/crtbegin.o
                [!provide]                        PROVIDE (__fini_array_end = .)