../Hardware/hmi/hmi_driver/hmi_driver.c:103:6:DelayMS	24	static
../Hardware/hmi/hmi_driver/hmi_driver.c:113:6:SendStrings	16	static
../Hardware/hmi/hmi_driver/hmi_driver.c:125:6:SendNU8	24	static
../Hardware/hmi/hmi_driver/hmi_driver.c:137:6:SendNU16	24	static
../Hardware/hmi/hmi_driver/hmi_driver.c:148:6:SetHandShake	8	static
../Hardware/hmi/hmi_driver/hmi_driver.c:159:6:SetFcolor	16	static
../Hardware/hmi/hmi_driver/hmi_driver.c:170:6:SetBcolor	16	static
../Hardware/hmi/hmi_driver/hmi_driver.c:181:6:ColorPicker	16	static
../Hardware/hmi/hmi_driver/hmi_driver.c:193:6:GUI_CleanScreen	8	static
../Hardware/hmi/hmi_driver/hmi_driver.c:204:6:SetTextSpace	16	static
../Hardware/hmi/hmi_driver/hmi_driver.c:218:6:SetFont_Region	16	static
../Hardware/hmi/hmi_driver/hmi_driver.c:232:6:SetFilterColor	16	static
../Hardware/hmi/hmi_driver/hmi_driver.c:249:6:DisText	24	static
../Hardware/hmi/hmi_driver/hmi_driver.c:268:6:DisCursor	24	static
../Hardware/hmi/hmi_driver/hmi_driver.c:284:6:DisFull_Image	16	static
../Hardware/hmi/hmi_driver/hmi_driver.c:299:6:DisArea_Image	24	static
../Hardware/hmi/hmi_driver/hmi_driver.c:320:6:DisCut_Image	24	static
../Hardware/hmi/hmi_driver/hmi_driver.c:342:6:DisFlashImage	24	static
../Hardware/hmi/hmi_driver/hmi_driver.c:358:6:GUI_Dot	16	static
../Hardware/hmi/hmi_driver/hmi_driver.c:373:6:GUI_Line	24	static
../Hardware/hmi/hmi_driver/hmi_driver.c:390:6:GUI_ConDots	16	static
../Hardware/hmi/hmi_driver/hmi_driver.c:406:6:GUI_ConSpaceDots	24	static
../Hardware/hmi/hmi_driver/hmi_driver.c:422:6:GUI_FcolorConOffsetDots	24	static
../Hardware/hmi/hmi_driver/hmi_driver.c:438:6:GUI_BcolorConOffsetDots	24	static
../Hardware/hmi/hmi_driver/hmi_driver.c:454:6:SetPowerSaving	24	static
../Hardware/hmi/hmi_driver/hmi_driver.c:469:6:GUI_FcolorConDots	16	static
../Hardware/hmi/hmi_driver/hmi_driver.c:481:6:GUI_BcolorConDots	16	static
../Hardware/hmi/hmi_driver/hmi_driver.c:494:6:GUI_Circle	16	static
../Hardware/hmi/hmi_driver/hmi_driver.c:509:6:GUI_CircleFill	16	static
../Hardware/hmi/hmi_driver/hmi_driver.c:526:6:GUI_Arc	24	static
../Hardware/hmi/hmi_driver/hmi_driver.c:544:6:GUI_Rectangle	24	static
../Hardware/hmi/hmi_driver/hmi_driver.c:561:6:GUI_RectangleFill	24	static
../Hardware/hmi/hmi_driver/hmi_driver.c:578:6:GUI_Ellipse	24	static
../Hardware/hmi/hmi_driver/hmi_driver.c:595:6:GUI_EllipseFill	24	static
../Hardware/hmi/hmi_driver/hmi_driver.c:612:6:SetBackLight	16	static
../Hardware/hmi/hmi_driver/hmi_driver.c:624:6:SetBuzzer	16	static
../Hardware/hmi/hmi_driver/hmi_driver.c:632:6:GUI_AreaInycolor	24	static
../Hardware/hmi/hmi_driver/hmi_driver.c:649:6:SetTouchPaneOption	32	static
../Hardware/hmi/hmi_driver/hmi_driver.c:670:6:CalibrateTouchPane	8	static
../Hardware/hmi/hmi_driver/hmi_driver.c:679:6:TestTouchPane	8	static
../Hardware/hmi/hmi_driver/hmi_driver.c:689:6:UnlockDeviceConfig	8	static
../Hardware/hmi/hmi_driver/hmi_driver.c:703:6:LockDeviceConfig	8	static
../Hardware/hmi/hmi_driver/hmi_driver.c:719:6:SetCommBps	16	static
../Hardware/hmi/hmi_driver/hmi_driver.c:740:6:WriteLayer	16	static
../Hardware/hmi/hmi_driver/hmi_driver.c:751:6:DisplyLayer	16	static
../Hardware/hmi/hmi_driver/hmi_driver.c:763:6:CopyLayer	16	static
../Hardware/hmi/hmi_driver/hmi_driver.c:775:6:ClearLayer	16	static
../Hardware/hmi/hmi_driver/hmi_driver.c:783:6:GUI_DispRTC	24	static
../Hardware/hmi/hmi_driver/hmi_driver.c:801:6:WriteUserFlash	24	static
../Hardware/hmi/hmi_driver/hmi_driver.c:814:6:ReadUserFlash	16	static
../Hardware/hmi/hmi_driver/hmi_driver.c:825:6:GetScreen	16	static
../Hardware/hmi/hmi_driver/hmi_driver.c:836:6:SetScreen	16	static
../Hardware/hmi/hmi_driver/hmi_driver.c:853:6:SetScreenUpdateEnable	16	static
../Hardware/hmi/hmi_driver/hmi_driver.c:866:6:SetControlFocus	16	static
../Hardware/hmi/hmi_driver/hmi_driver.c:882:6:SetControlVisiable	16	static
../Hardware/hmi/hmi_driver/hmi_driver.c:898:6:SetControlEnable	16	static
../Hardware/hmi/hmi_driver/hmi_driver.c:914:6:SetButtonValue	16	static
../Hardware/hmi/hmi_driver/hmi_driver.c:930:6:SetTextValue	16	static
../Hardware/hmi/hmi_driver/hmi_driver.c:950:6:SetTextInt32	24	static
../Hardware/hmi/hmi_driver/hmi_driver.c:970:6:SetTextFloat	32	static
../Hardware/hmi/hmi_driver/hmi_driver.c:1000:6:SetProgressValue	16	static
../Hardware/hmi/hmi_driver/hmi_driver.c:1016:6:SetMeterValue	16	static
../Hardware/hmi/hmi_driver/hmi_driver.c:1032:6:Set_picMeterValue	16	static
../Hardware/hmi/hmi_driver/hmi_driver.c:1049:6:SetSliderValue	16	static
../Hardware/hmi/hmi_driver/hmi_driver.c:1065:6:SetSelectorValue	16	static
../Hardware/hmi/hmi_driver/hmi_driver.c:1080:6:GetControlValue	16	static
../Hardware/hmi/hmi_driver/hmi_driver.c:1095:6:AnimationStart	16	static
../Hardware/hmi/hmi_driver/hmi_driver.c:1110:6:AnimationStop	16	static
../Hardware/hmi/hmi_driver/hmi_driver.c:1124:6:AnimationPause	16	static
../Hardware/hmi/hmi_driver/hmi_driver.c:1139:6:AnimationPlayFrame	16	static
../Hardware/hmi/hmi_driver/hmi_driver.c:1154:6:AnimationPlayPrev	16	static
../Hardware/hmi/hmi_driver/hmi_driver.c:1168:6:AnimationPlayNext	16	static
../Hardware/hmi/hmi_driver/hmi_driver.c:1184:6:GraphChannelAdd	24	static
../Hardware/hmi/hmi_driver/hmi_driver.c:1201:6:GraphChannelDel	16	static
../Hardware/hmi/hmi_driver/hmi_driver.c:1214:6:Write_quxianC_float	1272	static
../Hardware/hmi/hmi_driver/hmi_driver.c:1280:6:GraphChannelDataAdd	24	static
../Hardware/hmi/hmi_driver/hmi_driver.c:1298:6:GraphChannelDataClear	16	static
../Hardware/hmi/hmi_driver/hmi_driver.c:1317:6:GraphSetViewport	24	static
../Hardware/hmi/hmi_driver/hmi_driver.c:1334:6:BatchBegin	16	static
../Hardware/hmi/hmi_driver/hmi_driver.c:1346:6:BatchSetButtonValue	16	static
../Hardware/hmi/hmi_driver/hmi_driver.c:1357:6:BatchSetProgressValue	16	static
../Hardware/hmi/hmi_driver/hmi_driver.c:1369:6:BatchSetSliderValue	16	static
../Hardware/hmi/hmi_driver/hmi_driver.c:1380:6:BatchSetMeterValue	16	static
../Hardware/hmi/hmi_driver/hmi_driver.c:1389:10:GetStringLen	24	static
../Hardware/hmi/hmi_driver/hmi_driver.c:1404:6:BatchSetText	16	static
../Hardware/hmi/hmi_driver/hmi_driver.c:1415:6:BatchSetFrame	16	static
../Hardware/hmi/hmi_driver/hmi_driver.c:1429:6:BatchSetVisible	16	static
../Hardware/hmi/hmi_driver/hmi_driver.c:1440:6:BatchSetEnable	16	static
../Hardware/hmi/hmi_driver/hmi_driver.c:1451:6:BatchEnd	8	static
../Hardware/hmi/hmi_driver/hmi_driver.c:1461:6:SeTimer	16	static
../Hardware/hmi/hmi_driver/hmi_driver.c:1476:6:StartTimer	16	static
../Hardware/hmi/hmi_driver/hmi_driver.c:1490:6:StopTimer	16	static
../Hardware/hmi/hmi_driver/hmi_driver.c:1504:6:PauseTimer	16	static
../Hardware/hmi/hmi_driver/hmi_driver.c:1520:6:SetControlBackColor	16	static
../Hardware/hmi/hmi_driver/hmi_driver.c:1537:6:SetControlForeColor	16	static
../Hardware/hmi/hmi_driver/hmi_driver.c:1554:6:ShowPopupMenu	24	static
../Hardware/hmi/hmi_driver/hmi_driver.c:1574:6:ShowKeyboard	24	static
../Hardware/hmi/hmi_driver/hmi_driver.c:1929:6:Record_SetEvent	32	static
../Hardware/hmi/hmi_driver/hmi_driver.c:1955:6:Record_ResetEvent	32	static
../Hardware/hmi/hmi_driver/hmi_driver.c:1979:6:GUI_Clean	16	static
../Hardware/hmi/hmi_driver/hmi_driver.c:1993:6:Record_Add	16	static
../Hardware/hmi/hmi_driver/hmi_driver.c:2006:6:Record_Add123	16	static
../Hardware/hmi/hmi_driver/hmi_driver.c:2023:6:Record_Clear	16	static
../Hardware/hmi/hmi_driver/hmi_driver.c:2038:6:Record_SetOffset	16	static
../Hardware/hmi/hmi_driver/hmi_driver.c:2053:6:Record_GetCount	16	static
../Hardware/hmi/hmi_driver/hmi_driver.c:2065:6:ReadRTC	8	static
../Hardware/hmi/hmi_driver/hmi_driver.c:2076:6:PlayMusic	24	static
../Hardware/hmi/hmi_driver/hmi_driver.c:2089:6:Record_Add2	24	static
../Hardware/hmi/hmi_driver/hmi_driver.c:2106:6:Line1_init	16	static
../Hardware/hmi/hmi_driver/hmi_driver.c:2120:6:Line2_init	16	static
../Hardware/hmi/hmi_driver/hmi_driver.c:2135:6:Write_quxian	5952	static
../Hardware/hmi/hmi_driver/hmi_driver.c:2194:6:GUI_FcolorConDots2	5952	static
../Hardware/hmi/hmi_driver/hmi_driver.c:2244:6:Write_quxian_ENABLE	24	static
../Hardware/hmi/hmi_driver/hmi_driver.c:2258:6:Write_quxian1	24	static
../Hardware/hmi/hmi_driver/hmi_driver.c:2275:6:Clear_quxian	16	static
../Hardware/hmi/hmi_driver/hmi_driver.c:2286:6:tanchuang	16	static
../Hardware/hmi/hmi_driver/hmi_driver.c:2297:6:biaoge_bottom	16	static
../Hardware/hmi/hmi_driver/hmi_driver.c:2316:6:Record_Delete	16	static
