../Core/Src/ble_table_upload.c:72:24:append_byte	16	static
../Core/Src/ble_table_upload.c:81:24:append_str	32	static
../Core/Src/ble_table_upload.c:92:16:sum_low_8bits	24	static
../Core/Src/ble_table_upload.c:108:17:build_payload	72	static
../Core/Src/ble_table_upload.c:200:17:build_frame	32	static
../Core/Src/ble_table_upload.c:232:13:send_current_row	8	static
../Core/Src/ble_table_upload.c:243:6:BleUpload_Start	16	static
../Core/Src/ble_table_upload.c:262:6:BleUpload_OnAck	16	static
../Core/Src/ble_table_upload.c:305:18:BleUpload_GetState	4	static
