../Core/Src/esp32.c:33:6:y_queue_reset	4	static
../Core/Src/esp32.c:43:6:y_queue_push	24	static
../Core/Src/esp32.c:54:13:y_queue_pop	16	static
../Core/Src/esp32.c:64:16:y_queue_size	4	static
../Core/Src/esp32.c:74:17:get_current_time_ms	8	static
../Core/Src/esp32.c:85:9:y_queue_find_cmd	32	static
../Core/Src/esp32.c:124:9:y_queue_find_cmd2	24	static
../Core/Src/esp32.c:172:6:ESP32_ack_data	16	static
../Core/Src/esp32.c:179:9:sum_low_8bits	24	static
../Core/Src/esp32.c:189:6:stm32_to_esp32_data	24	static
../Core/Src/esp32.c:207:6:check_wifi_connect_state	16	static
../Core/Src/esp32.c:220:6:ESP32_232_data_tx	16	static
../Core/Src/esp32.c:260:7:ESP32_232_communication_task_callback	8	static
