../Core/Src/hmi_control.c:72:6:ProcessMessage	32	static
../Core/Src/hmi_control.c:158:6:NotifyScreen	16	static
../Core/Src/hmi_control.c:168:6:NotifyTouchXY	16	static
../Core/Src/hmi_control.c:179:6:Notifyknob	16	static
../Core/Src/hmi_control.c:186:6:UpdateUI	16	static
../Core/Src/hmi_control.c:211:6:NotifyButton	200	dynamic
../Core/Src/hmi_control.c:788:6:NotifyText	24	static
../Core/Src/hmi_control.c:877:6:NotifyProgress	16	static
../Core/Src/hmi_control.c:887:6:NotifySlider	16	static
../Core/Src/hmi_control.c:897:6:NotifyMeter	16	static
../Core/Src/hmi_control.c:909:6:NotifyMenu	112	static
../Core/Src/hmi_control.c:971:6:NotifySelector	16	static
../Core/Src/hmi_control.c:980:6:NotifyRecord	16	static
../Core/Src/hmi_control.c:991:6:NotifyTimer	16	static
../Core/Src/hmi_control.c:1000:6:NotifyReadFlash	16	static
../Core/Src/hmi_control.c:1007:6:NotifyWriteFlash	16	static
../Core/Src/hmi_control.c:1020:6:NotifyReadRTC	16	static
../Core/Src/hmi_control.c:1030:6:touch_hmi_task_callback	8	static
../Core/Src/hmi_control.c:1045:6:GetFlashData	8	static
../Core/Src/hmi_control.c:1075:6:SendDampingCoefficient	16	static
../Core/Src/hmi_control.c:1097:6:GetConfigInfo	16	static
